Jul 09, 2026 10:39:36 AM org.l2jmobius.loginserver.LoginController retriveAccountInfo
WARNING: Exception while retriving account info for 'admin'!
org.sqlite.SQLiteException: [SQLITE_ERROR] SQL error or missing database (no such table: accounts)
	at org.sqlite.core.DB.newSQLException(DB.java:1179)
	at org.sqlite.core.DB.newSQLException(DB.java:1190)
	at org.sqlite.core.DB.throwex(DB.java:1150)
	at org.sqlite.core.NativeDB.prepare_utf8(Native Method)
	at org.sqlite.core.NativeDB.prepare(NativeDB.java:132)
	at org.sqlite.core.DB.prepare(DB.java:264)
	at org.sqlite.core.CorePreparedStatement.<init>(CorePreparedStatement.java:46)
	at org.sqlite.jdbc3.JDBC3PreparedStatement.<init>(JDBC3PreparedStatement.java:32)
	at org.sqlite.jdbc4.JDBC4PreparedStatement.<init>(JDBC4PreparedStatement.java:25)
	at org.sqlite.jdbc4.JDBC4Connection.prepareStatement(JDBC4Connection.java:34)
	at org.sqlite.jdbc3.JDBC3Connection.prepareStatement(JDBC3Connection.java:225)
	at org.sqlite.jdbc3.JDBC3Connection.prepareStatement(JDBC3Connection.java:205)
	at org.l2jmobius.loginserver.LoginController.retriveAccountInfo(LoginController.java:214)
	at org.l2jmobius.loginserver.LoginController.retriveAccountInfo(LoginController.java:165)
	at org.l2jmobius.loginserver.network.clientpackets.RequestAuthLogin.run(RequestAuthLogin.java:115)
	at org.l2jmobius.commons.threads.RunnableWrapper.run(RunnableWrapper.java:35)
	at java.base/java.util.concurrent.ThreadPoolExecutor.runWorker(ThreadPoolExecutor.java:1144)
	at java.base/java.util.concurrent.ThreadPoolExecutor$Worker.run(ThreadPoolExecutor.java:642)
	at java.base/java.lang.Thread.run(Thread.java:1570)

