Jul 09, 2026 11:01:09 AM org.l2jmobius.gameserver.model.quest.Quest createQuestVarInDb
WARNING: could not insert char quest:
java.lang.ArrayIndexOutOfBoundsException: Index 4 out of bounds for length 4
	at org.sqlite.core.CorePreparedStatement.batch(CorePreparedStatement.java:105)
	at org.sqlite.jdbc3.JDBC3PreparedStatement.setString(JDBC3PreparedStatement.java:387)
	at org.l2jmobius.gameserver.model.quest.Quest.createQuestVarInDb(Quest.java:1600)
	at org.l2jmobius.gameserver.model.quest.QuestState.set(QuestState.java:277)
	at org.l2jmobius.gameserver.model.quest.QuestState.startQuest(QuestState.java:690)
	at quests.Q00255_Tutorial.Q00255_Tutorial.onEvent(Q00255_Tutorial.java:161)
	at org.l2jmobius.gameserver.model.quest.Quest.notifyEvent(Quest.java:559)
	at org.l2jmobius.gameserver.model.quest.QuestTimer$ScheduleTimerTask.run(QuestTimer.java:156)
	at org.l2jmobius.commons.threads.RunnableWrapper.run(RunnableWrapper.java:35)
	at java.base/java.util.concurrent.Executors$RunnableAdapter.call(Executors.java:572)
	at java.base/java.util.concurrent.FutureTask.run(FutureTask.java:317)
	at java.base/java.util.concurrent.ScheduledThreadPoolExecutor$ScheduledFutureTask.run(ScheduledThreadPoolExecutor.java:304)
	at java.base/java.util.concurrent.ThreadPoolExecutor.runWorker(ThreadPoolExecutor.java:1144)
	at java.base/java.util.concurrent.ThreadPoolExecutor$Worker.run(ThreadPoolExecutor.java:642)
	at java.base/java.lang.Thread.run(Thread.java:1570)

Jul 09, 2026 11:01:09 AM org.l2jmobius.gameserver.model.quest.Quest createQuestVarInDb
WARNING: could not insert char quest:
java.lang.ArrayIndexOutOfBoundsException: Index 4 out of bounds for length 4
	at org.sqlite.core.CorePreparedStatement.batch(CorePreparedStatement.java:105)
	at org.sqlite.jdbc3.JDBC3PreparedStatement.setString(JDBC3PreparedStatement.java:387)
	at org.l2jmobius.gameserver.model.quest.Quest.createQuestVarInDb(Quest.java:1600)
	at org.l2jmobius.gameserver.model.quest.Quest.createQuestInDb(Quest.java:1683)
	at org.l2jmobius.gameserver.model.quest.QuestState.setState(QuestState.java:180)
	at org.l2jmobius.gameserver.model.quest.QuestState.setState(QuestState.java:153)
	at org.l2jmobius.gameserver.model.quest.QuestState.startQuest(QuestState.java:691)
	at quests.Q00255_Tutorial.Q00255_Tutorial.onEvent(Q00255_Tutorial.java:161)
	at org.l2jmobius.gameserver.model.quest.Quest.notifyEvent(Quest.java:559)
	at org.l2jmobius.gameserver.model.quest.QuestTimer$ScheduleTimerTask.run(QuestTimer.java:156)
	at org.l2jmobius.commons.threads.RunnableWrapper.run(RunnableWrapper.java:35)
	at java.base/java.util.concurrent.Executors$RunnableAdapter.call(Executors.java:572)
	at java.base/java.util.concurrent.FutureTask.run(FutureTask.java:317)
	at java.base/java.util.concurrent.ScheduledThreadPoolExecutor$ScheduledFutureTask.run(ScheduledThreadPoolExecutor.java:304)
	at java.base/java.util.concurrent.ThreadPoolExecutor.runWorker(ThreadPoolExecutor.java:1144)
	at java.base/java.util.concurrent.ThreadPoolExecutor$Worker.run(ThreadPoolExecutor.java:642)
	at java.base/java.lang.Thread.run(Thread.java:1570)

Jul 09, 2026 11:01:09 AM org.l2jmobius.gameserver.model.quest.Quest createQuestVarInDb
WARNING: could not insert char quest:
java.lang.ArrayIndexOutOfBoundsException: Index 4 out of bounds for length 4
	at org.sqlite.core.CorePreparedStatement.batch(CorePreparedStatement.java:105)
	at org.sqlite.jdbc3.JDBC3PreparedStatement.setString(JDBC3PreparedStatement.java:387)
	at org.l2jmobius.gameserver.model.quest.Quest.createQuestVarInDb(Quest.java:1600)
	at org.l2jmobius.gameserver.model.quest.QuestState.set(QuestState.java:277)
	at org.l2jmobius.gameserver.model.quest.QuestState.setMemoState(QuestState.java:594)
	at quests.Q00255_Tutorial.Q00255_Tutorial.onEvent(Q00255_Tutorial.java:162)
	at org.l2jmobius.gameserver.model.quest.Quest.notifyEvent(Quest.java:559)
	at org.l2jmobius.gameserver.model.quest.QuestTimer$ScheduleTimerTask.run(QuestTimer.java:156)
	at org.l2jmobius.commons.threads.RunnableWrapper.run(RunnableWrapper.java:35)
	at java.base/java.util.concurrent.Executors$RunnableAdapter.call(Executors.java:572)
	at java.base/java.util.concurrent.FutureTask.run(FutureTask.java:317)
	at java.base/java.util.concurrent.ScheduledThreadPoolExecutor$ScheduledFutureTask.run(ScheduledThreadPoolExecutor.java:304)
	at java.base/java.util.concurrent.ThreadPoolExecutor.runWorker(ThreadPoolExecutor.java:1144)
	at java.base/java.util.concurrent.ThreadPoolExecutor$Worker.run(ThreadPoolExecutor.java:642)
	at java.base/java.lang.Thread.run(Thread.java:1570)

