Jul 08, 2026 4:07:51 PM org.l2jmobius.gameserver.model.quest.Quest playerEnter
WARNING: could not insert char quest:
java.lang.NullPointerException
	at org.sqlite.core.DB.prepare(DB.java:259)
	at org.sqlite.core.CorePreparedStatement.<init>(CorePreparedStatement.java:46)
	at org.sqlite.jdbc3.JDBC3PreparedStatement.<init>(JDBC3PreparedStatement.java:32)
	at org.sqlite.jdbc4.JDBC4PreparedStatement.<init>(JDBC4PreparedStatement.java:25)
	at org.sqlite.jdbc4.JDBC4Connection.prepareStatement(JDBC4Connection.java:34)
	at org.sqlite.jdbc3.JDBC3Connection.prepareStatement(JDBC3Connection.java:225)
	at org.sqlite.jdbc3.JDBC3Connection.prepareStatement(JDBC3Connection.java:205)
	at org.l2jmobius.gameserver.model.quest.Quest.playerEnter(Quest.java:1532)
	at org.l2jmobius.gameserver.network.clientpackets.EnterWorld.runImpl(EnterWorld.java:423)
	at org.l2jmobius.gameserver.network.clientpackets.ClientPacket.run(ClientPacket.java:53)
	at org.l2jmobius.commons.threads.RunnableWrapper.run(RunnableWrapper.java:35)
	at java.base/java.util.concurrent.ThreadPoolExecutor.runWorker(ThreadPoolExecutor.java:1144)
	at java.base/java.util.concurrent.ThreadPoolExecutor$Worker.run(ThreadPoolExecutor.java:642)
	at java.base/java.lang.Thread.run(Thread.java:1570)

Jul 08, 2026 4:07:56 PM org.l2jmobius.gameserver.model.quest.Quest createQuestVarInDb
WARNING: could not insert char quest:
java.lang.NullPointerException
	at org.sqlite.core.DB.prepare(DB.java:259)
	at org.sqlite.core.CorePreparedStatement.<init>(CorePreparedStatement.java:46)
	at org.sqlite.jdbc3.JDBC3PreparedStatement.<init>(JDBC3PreparedStatement.java:32)
	at org.sqlite.jdbc4.JDBC4PreparedStatement.<init>(JDBC4PreparedStatement.java:25)
	at org.sqlite.jdbc4.JDBC4Connection.prepareStatement(JDBC4Connection.java:34)
	at org.sqlite.jdbc3.JDBC3Connection.prepareStatement(JDBC3Connection.java:225)
	at org.sqlite.jdbc3.JDBC3Connection.prepareStatement(JDBC3Connection.java:205)
	at org.l2jmobius.gameserver.model.quest.Quest.createQuestVarInDb(Quest.java:1620)
	at org.l2jmobius.gameserver.model.quest.QuestState.set(QuestState.java:277)
	at org.l2jmobius.gameserver.model.quest.QuestState.startQuest(QuestState.java:690)
	at quests.Q00255_Tutorial.Q00255_Tutorial.onEvent(Q00255_Tutorial.java:161)
	at org.l2jmobius.gameserver.model.quest.Quest.notifyEvent(Quest.java:578)
	at org.l2jmobius.gameserver.model.quest.QuestTimer$ScheduleTimerTask.run(QuestTimer.java:156)
	at org.l2jmobius.commons.threads.RunnableWrapper.run(RunnableWrapper.java:35)
	at java.base/java.util.concurrent.Executors$RunnableAdapter.call(Executors.java:572)
	at java.base/java.util.concurrent.FutureTask.run(FutureTask.java:317)
	at java.base/java.util.concurrent.ScheduledThreadPoolExecutor$ScheduledFutureTask.run(ScheduledThreadPoolExecutor.java:304)
	at java.base/java.util.concurrent.ThreadPoolExecutor.runWorker(ThreadPoolExecutor.java:1144)
	at java.base/java.util.concurrent.ThreadPoolExecutor$Worker.run(ThreadPoolExecutor.java:642)
	at java.base/java.lang.Thread.run(Thread.java:1570)

Jul 08, 2026 4:07:56 PM org.l2jmobius.gameserver.model.quest.Quest createQuestVarInDb
WARNING: could not insert char quest:
java.lang.NullPointerException
	at org.sqlite.core.DB.prepare(DB.java:259)
	at org.sqlite.core.CorePreparedStatement.<init>(CorePreparedStatement.java:46)
	at org.sqlite.jdbc3.JDBC3PreparedStatement.<init>(JDBC3PreparedStatement.java:32)
	at org.sqlite.jdbc4.JDBC4PreparedStatement.<init>(JDBC4PreparedStatement.java:25)
	at org.sqlite.jdbc4.JDBC4Connection.prepareStatement(JDBC4Connection.java:34)
	at org.sqlite.jdbc3.JDBC3Connection.prepareStatement(JDBC3Connection.java:225)
	at org.sqlite.jdbc3.JDBC3Connection.prepareStatement(JDBC3Connection.java:205)
	at org.l2jmobius.gameserver.model.quest.Quest.createQuestVarInDb(Quest.java:1620)
	at org.l2jmobius.gameserver.model.quest.Quest.createQuestInDb(Quest.java:1711)
	at org.l2jmobius.gameserver.model.quest.QuestState.setState(QuestState.java:180)
	at org.l2jmobius.gameserver.model.quest.QuestState.setState(QuestState.java:153)
	at org.l2jmobius.gameserver.model.quest.QuestState.startQuest(QuestState.java:691)
	at quests.Q00255_Tutorial.Q00255_Tutorial.onEvent(Q00255_Tutorial.java:161)
	at org.l2jmobius.gameserver.model.quest.Quest.notifyEvent(Quest.java:578)
	at org.l2jmobius.gameserver.model.quest.QuestTimer$ScheduleTimerTask.run(QuestTimer.java:156)
	at org.l2jmobius.commons.threads.RunnableWrapper.run(RunnableWrapper.java:35)
	at java.base/java.util.concurrent.Executors$RunnableAdapter.call(Executors.java:572)
	at java.base/java.util.concurrent.FutureTask.run(FutureTask.java:317)
	at java.base/java.util.concurrent.ScheduledThreadPoolExecutor$ScheduledFutureTask.run(ScheduledThreadPoolExecutor.java:304)
	at java.base/java.util.concurrent.ThreadPoolExecutor.runWorker(ThreadPoolExecutor.java:1144)
	at java.base/java.util.concurrent.ThreadPoolExecutor$Worker.run(ThreadPoolExecutor.java:642)
	at java.base/java.lang.Thread.run(Thread.java:1570)

Jul 08, 2026 4:07:56 PM org.l2jmobius.gameserver.model.quest.Quest createQuestVarInDb
WARNING: could not insert char quest:
java.lang.NullPointerException
	at org.sqlite.core.DB.prepare(DB.java:259)
	at org.sqlite.core.CorePreparedStatement.<init>(CorePreparedStatement.java:46)
	at org.sqlite.jdbc3.JDBC3PreparedStatement.<init>(JDBC3PreparedStatement.java:32)
	at org.sqlite.jdbc4.JDBC4PreparedStatement.<init>(JDBC4PreparedStatement.java:25)
	at org.sqlite.jdbc4.JDBC4Connection.prepareStatement(JDBC4Connection.java:34)
	at org.sqlite.jdbc3.JDBC3Connection.prepareStatement(JDBC3Connection.java:225)
	at org.sqlite.jdbc3.JDBC3Connection.prepareStatement(JDBC3Connection.java:205)
	at org.l2jmobius.gameserver.model.quest.Quest.createQuestVarInDb(Quest.java:1620)
	at org.l2jmobius.gameserver.model.quest.QuestState.set(QuestState.java:277)
	at org.l2jmobius.gameserver.model.quest.QuestState.setMemoState(QuestState.java:594)
	at quests.Q00255_Tutorial.Q00255_Tutorial.onEvent(Q00255_Tutorial.java:162)
	at org.l2jmobius.gameserver.model.quest.Quest.notifyEvent(Quest.java:578)
	at org.l2jmobius.gameserver.model.quest.QuestTimer$ScheduleTimerTask.run(QuestTimer.java:156)
	at org.l2jmobius.commons.threads.RunnableWrapper.run(RunnableWrapper.java:35)
	at java.base/java.util.concurrent.Executors$RunnableAdapter.call(Executors.java:572)
	at java.base/java.util.concurrent.FutureTask.run(FutureTask.java:317)
	at java.base/java.util.concurrent.ScheduledThreadPoolExecutor$ScheduledFutureTask.run(ScheduledThreadPoolExecutor.java:304)
	at java.base/java.util.concurrent.ThreadPoolExecutor.runWorker(ThreadPoolExecutor.java:1144)
	at java.base/java.util.concurrent.ThreadPoolExecutor$Worker.run(ThreadPoolExecutor.java:642)
	at java.base/java.lang.Thread.run(Thread.java:1570)

