2026.07.08 16:05:07,215	INFO	1	org.l2jmobius.commons.util.IXmlReader	Network Config: ipconfig.xml doesn't exist using automatic configuration...
2026.07.08 16:05:07,733	INFO	1	org.l2jmobius.commons.util.IXmlReader	Network Config: Adding new subnet: 10.37.129.0/24 address: 10.37.129.2
2026.07.08 16:05:07,734	INFO	1	org.l2jmobius.commons.util.IXmlReader	Network Config: Adding new subnet: 10.211.55.0/24 address: 10.211.55.2
2026.07.08 16:05:07,734	INFO	1	org.l2jmobius.commons.util.IXmlReader	Network Config: Adding new subnet: 192.168.1.0/24 address: 192.168.1.17
2026.07.08 16:05:07,734	INFO	1	org.l2jmobius.commons.util.IXmlReader	Network Config: Adding new subnet: 127.0.0.0/8 address: 127.0.0.1
2026.07.08 16:05:07,734	INFO	1	org.l2jmobius.commons.util.IXmlReader	Network Config: Adding new subnet: 0.0.0.0/0 address: 95.19.225.52
2026.07.08 16:05:07,750	INFO	1	org.l2jmobius.Config	Loaded 6 Filter Words.
2026.07.08 16:05:07,824	INFO	1	org.l2jmobius.Config	Loaded 428 allowed community board teleports.
2026.07.08 16:05:07,833	INFO	1	org.l2jmobius.gameserver.GameServer	------------------------------------------------=[ Database ]
2026.07.08 16:05:08,087	INFO	1	org.l2jmobius.commons.database.DatabaseFactory	Database: Initialized.
2026.07.08 16:05:08,089	INFO	1	org.l2jmobius.commons.database.queries.SqlQueryManager	SqlQueryManager initialized with dialect: SQLite, base path: data/sql
2026.07.08 16:05:08,089	INFO	1	org.l2jmobius.commons.database.DatabaseFactory	SqlQueryManager initialized with dialect: SQLite
2026.07.08 16:05:08,089	INFO	1	org.l2jmobius.gameserver.GameServer	----------------------------------------------=[ ThreadPool ]
2026.07.08 16:05:08,090	INFO	1	org.l2jmobius.commons.threads.ThreadPool	ThreadPool: Initialized
2026.07.08 16:05:08,090	INFO	1	org.l2jmobius.commons.threads.ThreadPool	...scheduled pool executor with 16 high priority threads.
2026.07.08 16:05:08,094	INFO	1	org.l2jmobius.commons.threads.ThreadPool	...scheduled pool executor with 64 total threads.
2026.07.08 16:05:08,094	INFO	1	org.l2jmobius.commons.threads.ThreadPool	...instant pool executor with 32 total threads.
2026.07.08 16:05:08,094	INFO	1	org.l2jmobius.gameserver.GameServer	-----------------------------------------------=[ IdManager ]
2026.07.08 16:05:08,096	INFO	1	org.l2jmobius.gameserver.instancemanager.IdManager	Updated characters online status.
2026.07.08 16:05:08,099	INFO	1	org.l2jmobius.gameserver.instancemanager.IdManager	IdManager: Cleaned 0 elements from database in 0 seconds.
2026.07.08 16:05:08,102	INFO	1	org.l2jmobius.gameserver.instancemanager.IdManager	IdManager: Cleaned 0 expired timestamps from database.
2026.07.08 16:05:08,105	INFO	1	org.l2jmobius.gameserver.instancemanager.IdManager	IdManager: 102912 id's available.
2026.07.08 16:05:08,105	INFO	1	org.l2jmobius.gameserver.GameServer	----------------------------------------=[ Scripting Engine ]
2026.07.08 16:05:08,178	INFO	1	org.l2jmobius.gameserver.scripting.ScriptEngineManager	Loaded 792 files to exclude.
2026.07.08 16:05:08,178	INFO	1	org.l2jmobius.gameserver.GameServer	---------------------------------------------------=[ World ]
2026.07.08 16:05:08,269	INFO	1	org.l2jmobius.gameserver.instancemanager.MapRegionManager	MapRegionManager: Loaded 57 map regions.
2026.07.08 16:05:08,273	INFO	1	org.l2jmobius.gameserver.instancemanager.ZoneManager	ZoneManager 19 by 18 Zone Region Grid set up.
2026.07.08 16:05:08,450	INFO	1	org.l2jmobius.gameserver.instancemanager.ZoneManager	ZoneManager: Loaded 32 zone classes and 2742 zones.
2026.07.08 16:05:08,451	INFO	1	org.l2jmobius.gameserver.instancemanager.ZoneManager	ZoneManager: Last static id 200224.
2026.07.08 16:05:08,549	INFO	1	org.l2jmobius.gameserver.data.xml.DoorData	DoorData: Loaded 1180 doors.
2026.07.08 16:05:08,553	INFO	1	FenceData	FenceData: Loaded 1 fences.
2026.07.08 16:05:08,559	INFO	1	org.l2jmobius.gameserver.instancemanager.GlobalVariablesManager	GlobalVariablesManager: Loaded 4 variables.
2026.07.08 16:05:08,559	INFO	1	org.l2jmobius.gameserver.GameServer	----------------------------------------------------=[ Data ]
2026.07.08 16:05:08,562	INFO	1	org.l2jmobius.gameserver.data.xml.ActionData	ActionData: Loaded 242 player actions.
2026.07.08 16:05:08,577	INFO	1	org.l2jmobius.gameserver.data.xml.CategoryData	CategoryData: Loaded 215 categories.
2026.07.08 16:05:08,580	INFO	1	org.l2jmobius.gameserver.data.xml.SecondaryAuthData	SecondaryAuthData: Loaded 328 forbidden passwords.
2026.07.08 16:05:08,592	WARNING	1	org.l2jmobius.gameserver.data.xml.ItemData	Dir /Users/artem/dev/l2/interlude_classic/dist/game/data/stats/items/custom does not exist.
2026.07.08 16:05:09,236	INFO	1	org.l2jmobius.gameserver.data.xml.ItemData	ItemData: Highest item id used: 90726
2026.07.08 16:05:09,241	INFO	1	org.l2jmobius.gameserver.data.xml.ItemData	ItemData: Loaded 21741 Etc Items
2026.07.08 16:05:09,241	INFO	1	org.l2jmobius.gameserver.data.xml.ItemData	ItemData: Loaded 11226 Armor Items
2026.07.08 16:05:09,242	INFO	1	org.l2jmobius.gameserver.data.xml.ItemData	ItemData: Loaded 8662 Weapon Items
2026.07.08 16:05:09,242	INFO	1	org.l2jmobius.gameserver.data.xml.ItemData	ItemData: Loaded 41629 Items in total.
2026.07.08 16:05:09,243	INFO	1	org.l2jmobius.gameserver.data.xml.CombinationItemsData	CombinationItemsData: Loaded 855 combinations.
2026.07.08 16:05:09,246	INFO	1	org.l2jmobius.gameserver.data.xml.SayuneData	SayuneData: Loaded 0 maps.
2026.07.08 16:05:09,253	INFO	1	org.l2jmobius.gameserver.data.xml.ClanRewardData	ClanRewardData: Loaded 4 rewards for members online.
2026.07.08 16:05:09,253	INFO	1	org.l2jmobius.gameserver.data.xml.ClanRewardData	ClanRewardData: Loaded 4 rewards for hunting monsters.
2026.07.08 16:05:09,584	INFO	1	handlers.DailyMissionMasterHandler	DailyMissionMasterHandler: Loaded 9 handlers.
2026.07.08 16:05:09,588	INFO	1	org.l2jmobius.gameserver.data.xml.DailyMissionData	DailyMissionData: Loaded 0 one day rewards.
2026.07.08 16:05:09,588	INFO	1	org.l2jmobius.gameserver.GameServer	--------------------------------------------------=[ Skills ]
2026.07.08 16:05:10,514	INFO	1	handlers.EffectMasterHandler	EffectMasterHandler: Loaded 365 effect handlers.
2026.07.08 16:05:10,521	INFO	1	org.l2jmobius.gameserver.data.xml.EnchantSkillGroupsData	EnchantSkillGroupsData: Loaded 30 enchant routes, max enchant set to 30.
2026.07.08 16:05:11,801	INFO	1	org.l2jmobius.gameserver.data.xml.SkillData	SkillData: Loaded 123350 Skills.
2026.07.08 16:05:11,910	INFO	1	org.l2jmobius.gameserver.data.xml.SkillTreeData	SkillTreeData: Loaded 13708 Class skills for 89 class skill trees.
2026.07.08 16:05:11,910	INFO	1	org.l2jmobius.gameserver.data.xml.SkillTreeData	SkillTreeData: Loaded 0 sub-class skills.
2026.07.08 16:05:11,910	INFO	1	org.l2jmobius.gameserver.data.xml.SkillTreeData	SkillTreeData: Loaded 0 dual-class skills.
2026.07.08 16:05:11,910	INFO	1	org.l2jmobius.gameserver.data.xml.SkillTreeData	SkillTreeData: Loaded 0 transfer skills for 0 transfer skill trees.
2026.07.08 16:05:11,910	INFO	1	org.l2jmobius.gameserver.data.xml.SkillTreeData	SkillTreeData: Loaded 0 race skills for 0 race skill trees.
2026.07.08 16:05:11,910	INFO	1	org.l2jmobius.gameserver.data.xml.SkillTreeData	SkillTreeData: Loaded 35 fishing skills, 8 Dwarven only fishing skills.
2026.07.08 16:05:11,910	INFO	1	org.l2jmobius.gameserver.data.xml.SkillTreeData	SkillTreeData: Loaded 0 collect skills.
2026.07.08 16:05:11,911	INFO	1	org.l2jmobius.gameserver.data.xml.SkillTreeData	SkillTreeData: Loaded 73 clan skills, 43 for clan and 30 residential.
2026.07.08 16:05:11,911	INFO	1	org.l2jmobius.gameserver.data.xml.SkillTreeData	SkillTreeData: Loaded 18 sub-pledge skills.
2026.07.08 16:05:11,911	INFO	1	org.l2jmobius.gameserver.data.xml.SkillTreeData	SkillTreeData: Loaded 32 transform skills.
2026.07.08 16:05:11,911	INFO	1	org.l2jmobius.gameserver.data.xml.SkillTreeData	SkillTreeData: Loaded 8 noble skills.
2026.07.08 16:05:11,911	INFO	1	org.l2jmobius.gameserver.data.xml.SkillTreeData	SkillTreeData: Loaded 5 hero skills.
2026.07.08 16:05:11,912	INFO	1	org.l2jmobius.gameserver.data.xml.SkillTreeData	SkillTreeData: Loaded 34 game master skills.
2026.07.08 16:05:11,912	INFO	1	org.l2jmobius.gameserver.data.xml.SkillTreeData	SkillTreeData: Loaded 1 game master aura skills.
2026.07.08 16:05:11,912	INFO	1	org.l2jmobius.gameserver.data.xml.SkillTreeData	SkillTreeData: Loaded 0 ability skills.
2026.07.08 16:05:11,912	INFO	1	org.l2jmobius.gameserver.data.xml.SkillTreeData	SkillTreeData: Loaded 0 alchemy skills.
2026.07.08 16:05:11,912	INFO	1	org.l2jmobius.gameserver.data.xml.SkillTreeData	SkillTreeData: Loaded 0 class awaken save skills.
2026.07.08 16:05:11,912	INFO	1	org.l2jmobius.gameserver.data.xml.SkillTreeData	SkillTreeData: Loaded 0 Revelation skills.
2026.07.08 16:05:11,912	INFO	1	org.l2jmobius.gameserver.data.xml.SkillTreeData	SkillTreeData: Loaded 16 common skills.
2026.07.08 16:05:11,917	INFO	1	org.l2jmobius.gameserver.data.xml.PetSkillData	PetSkillData: Loaded 1046 skills.
2026.07.08 16:05:11,917	INFO	1	org.l2jmobius.gameserver.GameServer	---------------------------------------------------=[ Items ]
2026.07.08 16:05:11,945	INFO	1	org.l2jmobius.gameserver.data.xml.EnchantItemGroupsData	EnchantItemGroupsData: Loaded 4 item group templates.
2026.07.08 16:05:11,945	INFO	1	org.l2jmobius.gameserver.data.xml.EnchantItemGroupsData	EnchantItemGroupsData: Loaded 1 scroll group templates.
2026.07.08 16:05:11,945	INFO	1	org.l2jmobius.gameserver.data.xml.EnchantItemGroupsData	EnchantItemGroupsData: Max weapon enchant is set to 30.
2026.07.08 16:05:11,945	INFO	1	org.l2jmobius.gameserver.data.xml.EnchantItemGroupsData	EnchantItemGroupsData: Max armor enchant is set to 30.
2026.07.08 16:05:11,945	INFO	1	org.l2jmobius.gameserver.data.xml.EnchantItemGroupsData	EnchantItemGroupsData: Max accessory enchant is set to 30.
2026.07.08 16:05:11,951	INFO	1	org.l2jmobius.gameserver.data.xml.EnchantItemData	EnchantItemData: Loaded 248 enchant scrolls.
2026.07.08 16:05:11,951	INFO	1	org.l2jmobius.gameserver.data.xml.EnchantItemData	EnchantItemData: Loaded 100 support items.
2026.07.08 16:05:12,250	INFO	1	org.l2jmobius.gameserver.data.xml.OptionData	OptionData: Loaded 34053 options.
2026.07.08 16:05:12,254	INFO	1	org.l2jmobius.gameserver.data.xml.EnchantItemOptionsData	EnchantItemOptionsData: Loaded 68 items and 1747 options.
2026.07.08 16:05:12,257	INFO	1	org.l2jmobius.commons.util.IXmlReader	ElementalAttributeData: Loaded 0 elemental attribute items.
2026.07.08 16:05:12,259	INFO	1	org.l2jmobius.gameserver.data.xml.ItemCrystallizationData	ItemCrystallizationData: Loaded 12 crystallization templates.
2026.07.08 16:05:12,259	INFO	1	org.l2jmobius.gameserver.data.xml.ItemCrystallizationData	ItemCrystallizationData: Loaded 0 pre-defined crystallizable items.
2026.07.08 16:05:12,262	INFO	1	org.l2jmobius.gameserver.data.xml.ItemCrystallizationData	ItemCrystallizationData: Generated 0 crystallizable items from templates.
2026.07.08 16:05:12,290	INFO	1	VariationData	VariationData: Loaded 120 variations.
2026.07.08 16:05:12,291	INFO	1	VariationData	VariationData: Loaded 4717 fees.
2026.07.08 16:05:12,292	INFO	1	org.l2jmobius.gameserver.data.xml.EnchantItemHPBonusData	EnchantItemHPBonusData: Loaded 11 enchant HP bonuses.
2026.07.08 16:05:12,400	INFO	1	org.l2jmobius.gameserver.data.xml.BuyListData	BuyListData: Loaded 481 buyLists.
2026.07.08 16:05:12,460	INFO	1	org.l2jmobius.gameserver.data.xml.MultisellData	MultisellData: Loaded 101 multisell lists.
2026.07.08 16:05:12,472	INFO	1	org.l2jmobius.gameserver.data.xml.RecipeData	RecipeData: Loaded 630 recipes.
2026.07.08 16:05:12,486	INFO	1	org.l2jmobius.gameserver.data.xml.ArmorSetData	ArmorSetData: Loaded 317 armor sets.
2026.07.08 16:05:12,489	INFO	1	org.l2jmobius.gameserver.data.xml.FishingData	FishingData: Loaded 3 bait and 13 rod data.
2026.07.08 16:05:12,500	INFO	1	org.l2jmobius.gameserver.data.xml.HennaData	HennaData: Loaded 372 henna data.
2026.07.08 16:05:12,502	INFO	1	org.l2jmobius.gameserver.data.xml.PrimeShopData	PrimeShopData: System is disabled.
2026.07.08 16:05:12,514	INFO	1	org.l2jmobius.gameserver.data.xml.AppearanceItemData	AppearanceItemData: Loaded 1217 stones.
2026.07.08 16:05:12,519	INFO	1	org.l2jmobius.commons.util.IXmlReader	LuckyGameData: Loaded 2 lucky game data.
2026.07.08 16:05:12,520	INFO	1	org.l2jmobius.gameserver.data.xml.AttendanceRewardData	AttendanceRewardData: Disabled.
2026.07.08 16:05:12,520	INFO	1	org.l2jmobius.gameserver.GameServer	----------------------------------------------=[ Characters ]
2026.07.08 16:05:12,522	INFO	1	org.l2jmobius.gameserver.data.xml.ClassListData	ClassListData: Loaded 153 class data.
2026.07.08 16:05:12,523	INFO	1	org.l2jmobius.gameserver.data.xml.InitialEquipmentData	InitialEquipmentData: Loaded 9 initial equipment data.
2026.07.08 16:05:12,525	INFO	1	org.l2jmobius.gameserver.data.xml.InitialShortcutData	InitialShortcutData: Loaded 5 initial global shortcuts data.
2026.07.08 16:05:12,525	INFO	1	org.l2jmobius.gameserver.data.xml.InitialShortcutData	InitialShortcutData: Loaded 4 initial shortcuts data.
2026.07.08 16:05:12,525	INFO	1	org.l2jmobius.gameserver.data.xml.InitialShortcutData	InitialShortcutData: Loaded 0 macro presets.
2026.07.08 16:05:12,526	INFO	1	org.l2jmobius.gameserver.data.xml.ExperienceData	ExperienceData: Loaded 81 levels.
2026.07.08 16:05:12,526	INFO	1	org.l2jmobius.gameserver.data.xml.ExperienceData	ExperienceData: Max Player Level is 80.
2026.07.08 16:05:12,526	INFO	1	org.l2jmobius.gameserver.data.xml.ExperienceData	ExperienceData: Max Pet Level is 81.
2026.07.08 16:05:12,528	INFO	1	org.l2jmobius.gameserver.data.xml.KarmaData	KarmaData: Loaded 80 karma modifiers.
2026.07.08 16:05:12,529	INFO	1	org.l2jmobius.gameserver.data.xml.HitConditionBonusData	HitConditionBonusData: Loaded hit condition bonuses.
2026.07.08 16:05:12,606	INFO	1	org.l2jmobius.gameserver.data.xml.PlayerTemplateData	PlayerTemplateData: Loaded 89 character templates.
2026.07.08 16:05:12,606	INFO	1	org.l2jmobius.gameserver.data.xml.PlayerTemplateData	PlayerTemplateData: Loaded 42720 level up gain records.
2026.07.08 16:05:12,608	INFO	1	org.l2jmobius.gameserver.data.sql.CharInfoTable	CharInfoTable: Loaded 3 char names.
2026.07.08 16:05:12,610	INFO	1	org.l2jmobius.gameserver.data.xml.AdminData	AdminData: Loaded 10 access levels.
2026.07.08 16:05:12,611	INFO	1	org.l2jmobius.gameserver.data.xml.AdminData	AdminData: Loaded 458 access commands.
2026.07.08 16:05:12,745	INFO	1	org.l2jmobius.gameserver.data.xml.PetDataTable	PetDataTable: Loaded 56 pets.
2026.07.08 16:05:12,766	INFO	1	org.l2jmobius.gameserver.data.xml.CubicData	CubicData: Loaded 21 cubics.
2026.07.08 16:05:12,773	INFO	1	org.l2jmobius.gameserver.GameServer	PremiumManager: Premium system is enabled.
2026.07.08 16:05:12,775	INFO	1	org.l2jmobius.gameserver.GameServer	---------------------------------------------------=[ Clans ]
2026.07.08 16:05:12,789	INFO	1	org.l2jmobius.gameserver.communitybbs.Manager.ForumsBBSManager	ForumsBBSManager: Loaded 4 forums. Last forum id used: 4
2026.07.08 16:05:12,790	INFO	1	org.l2jmobius.gameserver.data.sql.ClanTable	ClanTable: Restored 0 clans from the database.
2026.07.08 16:05:12,793	INFO	1	org.l2jmobius.gameserver.data.xml.ResidenceFunctionsData	ResidenceFunctionsData: Loaded 8 functions.
2026.07.08 16:05:12,943	INFO	1	org.l2jmobius.gameserver.data.xml.ClanHallData	ClanHallData: Succesfully loaded 48 clan halls.
2026.07.08 16:05:12,944	INFO	1	org.l2jmobius.gameserver.instancemanager.ClanHallAuctionManager	ClanHallAuctionManager: Clan Hall Auction has started!
2026.07.08 16:05:12,984	INFO	1	org.l2jmobius.gameserver.instancemanager.ClanEntryManager	ClanEntryManager: Loaded 0 clan entries.
2026.07.08 16:05:12,985	INFO	1	org.l2jmobius.gameserver.instancemanager.ClanEntryManager	ClanEntryManager: Loaded 0 players in waiting list.
2026.07.08 16:05:12,986	INFO	1	org.l2jmobius.gameserver.instancemanager.ClanEntryManager	ClanEntryManager: Loaded 0 player applications.
2026.07.08 16:05:12,986	INFO	1	org.l2jmobius.gameserver.GameServer	-------------------------------------------------=[ Geodata ]
2026.07.08 16:05:14,971	INFO	1	org.l2jmobius.gameserver.geoengine.GeoEngine	GeoEngine: Loaded 227 regions.
2026.07.08 16:05:14,972	INFO	1	org.l2jmobius.gameserver.GameServer	----------------------------------------------------=[ NPCs ]
2026.07.08 16:05:15,840	INFO	1	org.l2jmobius.gameserver.data.xml.NpcData	NpcData: Loaded 14865 NPCs.
2026.07.08 16:05:15,850	INFO	1	org.l2jmobius.gameserver.data.xml.NpcData	NpcData: Loaded 14 custom NPCs.
2026.07.08 16:05:15,851	INFO	1	org.l2jmobius.gameserver.data.xml.FakePlayerData	FakePlayerData: Disabled.
2026.07.08 16:05:15,851	INFO	1	org.l2jmobius.gameserver.instancemanager.FakePlayerChatManager	FakePlayerChatManager: Disabled.
2026.07.08 16:05:15,980	INFO	1	org.l2jmobius.gameserver.data.xml.SpawnData	SpawnData: Loaded 27153 spawns
2026.07.08 16:05:18,140	INFO	1	org.l2jmobius.gameserver.instancemanager.WalkingManager	WalkingManager: Loaded 13 walking routes.
2026.07.08 16:05:18,146	INFO	1	org.l2jmobius.gameserver.data.xml.StaticObjectData	StaticObjectData: Loaded 86 static object templates.
2026.07.08 16:05:18,149	INFO	1	org.l2jmobius.gameserver.instancemanager.ItemAuctionManager	ItemAuctionManager: Loaded 0 instances.
2026.07.08 16:05:18,161	INFO	1	org.l2jmobius.gameserver.instancemanager.CastleManager	CastleManager: Loaded 9 castles.
2026.07.08 16:05:18,165	INFO	1	org.l2jmobius.gameserver.data.SchemeBufferTable	SchemeBufferTable: Loaded 0 players schemes and 74 available buffs.
2026.07.08 16:05:18,168	INFO	1	org.l2jmobius.gameserver.instancemanager.GrandBossManager	GrandBossManager: Gigantic Chaos Golem(25512) status is 0
2026.07.08 16:05:18,168	INFO	1	org.l2jmobius.gameserver.instancemanager.GrandBossManager	GrandBossManager: Queen Ant(29001) status is 0
2026.07.08 16:05:18,168	INFO	1	org.l2jmobius.gameserver.instancemanager.GrandBossManager	GrandBossManager: Core(29006) status is 0
2026.07.08 16:05:18,168	INFO	1	org.l2jmobius.gameserver.instancemanager.GrandBossManager	GrandBossManager: Orfen(29014) status is 0
2026.07.08 16:05:18,168	INFO	1	org.l2jmobius.gameserver.instancemanager.GrandBossManager	GrandBossManager: Baium(29020) status is 0
2026.07.08 16:05:18,168	INFO	1	org.l2jmobius.gameserver.instancemanager.GrandBossManager	GrandBossManager: Zaken(29022) status is 0
2026.07.08 16:05:18,168	INFO	1	org.l2jmobius.gameserver.instancemanager.GrandBossManager	GrandBossManager: Valakas(29028) status is 0
2026.07.08 16:05:18,168	INFO	1	org.l2jmobius.gameserver.instancemanager.GrandBossManager	GrandBossManager: Antharas(29068) status is 0
2026.07.08 16:05:18,168	INFO	1	org.l2jmobius.gameserver.instancemanager.GrandBossManager	GrandBossManager: Loaded 8 instances.
2026.07.08 16:05:18,169	INFO	1	org.l2jmobius.gameserver.GameServer	------------------------------------------------=[ Instance ]
2026.07.08 16:05:18,172	INFO	1	org.l2jmobius.gameserver.instancemanager.InstanceManager	InstanceManager: Loaded 267 instance names.
2026.07.08 16:05:18,181	INFO	1	org.l2jmobius.gameserver.instancemanager.InstanceManager	InstanceManager: Loaded 6 instance templates.
2026.07.08 16:05:18,182	INFO	1	org.l2jmobius.gameserver.instancemanager.InstanceManager	InstanceManager: Loaded instance reenter times for 0 players.
2026.07.08 16:05:18,183	INFO	1	org.l2jmobius.gameserver.GameServer	------------------------------------------------=[ Olympiad ]
2026.07.08 16:05:18,188	INFO	1	org.l2jmobius.gameserver.model.olympiad.Olympiad	Olympiad System: Loading....
2026.07.08 16:05:18,188	INFO	1	org.l2jmobius.gameserver.model.olympiad.Olympiad	Olympiad System: Currently in Olympiad Period
2026.07.08 16:05:18,188	INFO	1	org.l2jmobius.gameserver.model.olympiad.Olympiad	Olympiad System: 12 days, 19 hours and 54 mins until period ends.
2026.07.08 16:05:18,188	INFO	1	org.l2jmobius.gameserver.model.olympiad.Olympiad	Olympiad System: Next weekly change is in 6 days, 23 hours and 7 mins.
2026.07.08 16:05:18,188	INFO	1	org.l2jmobius.gameserver.model.olympiad.Olympiad	Olympiad System: Loaded 0 Nobles
2026.07.08 16:05:18,189	INFO	1	org.l2jmobius.gameserver.model.olympiad.Olympiad	Olympiad System: Competition Period Starts in 3 days, 1 hours and 55 mins.
2026.07.08 16:05:18,189	INFO	1	org.l2jmobius.gameserver.model.olympiad.Olympiad	Olympiad System: Event starts/started: Sat Jul 11 18:00:18 CEST 2026
2026.07.08 16:05:18,192	INFO	1	org.l2jmobius.gameserver.model.olympiad.Hero	Hero System: Loaded 0 Heroes.
2026.07.08 16:05:18,192	INFO	1	org.l2jmobius.gameserver.model.olympiad.Hero	Hero System: Loaded 0 all time Heroes.
2026.07.08 16:05:18,192	INFO	1	org.l2jmobius.gameserver.GameServer	---------------------------------------------------=[ Cache ]
2026.07.08 16:05:18,193	INFO	1	org.l2jmobius.gameserver.cache.HtmCache	Cache[HTML]: Running lazy cache.
2026.07.08 16:05:18,194	INFO	1	org.l2jmobius.gameserver.data.sql.CrestTable	CrestTable: Loaded 0 Crests.
2026.07.08 16:05:18,236	INFO	1	org.l2jmobius.gameserver.data.xml.TeleporterData	TeleporterData: Loaded 145 npc teleporters.
2026.07.08 16:05:18,242	INFO	1	org.l2jmobius.gameserver.instancemanager.CursedWeaponsManager	CursedWeaponsManager: Loaded 2 cursed weapons.
2026.07.08 16:05:18,387	INFO	1	org.l2jmobius.gameserver.data.xml.TransformData	TransformData: Loaded 174 transform templates.
2026.07.08 16:05:18,389	INFO	1	org.l2jmobius.gameserver.data.BotReportTable	BotReportTable: Loaded 0 bot reports
2026.07.08 16:05:18,392	INFO	1	org.l2jmobius.gameserver.instancemanager.SellBuffsManager	SellBuffsManager: Loaded 149 allowed buffs.
2026.07.08 16:05:18,392	INFO	1	org.l2jmobius.gameserver.GameServer	-------------------------------------------------=[ Scripts ]
2026.07.08 16:05:18,395	INFO	1	org.l2jmobius.gameserver.instancemanager.AirShipManager	AirShipManager: Loaded 0 private airships
2026.07.08 16:05:18,400	INFO	1	org.l2jmobius.gameserver.data.xml.ShuttleData	ShuttleData: Loaded 1 shuttles.
2026.07.08 16:05:18,400	INFO	1	org.l2jmobius.gameserver.GameServer	GameServer: Loading server scripts:
2026.07.08 16:05:19,076	INFO	1	handlers.MasterHandler	Loading Handlers...
2026.07.08 16:05:19,083	WARNING	1	org.l2jmobius.commons.database.queries.SqlQueryLoader	SQL file not found: data/sql/sqlite/game/quests.sql
2026.07.08 16:05:19,113	INFO	1	handlers.MasterHandler	ActionHandler: Loaded 10 handlers.
2026.07.08 16:05:19,113	INFO	1	handlers.MasterHandler	ActionShiftHandler: Loaded 6 handlers.
2026.07.08 16:05:19,114	INFO	1	handlers.MasterHandler	AdminCommandHandler: Loaded 450 handlers.
2026.07.08 16:05:19,114	INFO	1	handlers.MasterHandler	BypassHandler: Loaded 31 handlers.
2026.07.08 16:05:19,114	INFO	1	handlers.MasterHandler	ChatHandler: Loaded 14 handlers.
2026.07.08 16:05:19,114	INFO	1	handlers.MasterHandler	CommunityBoardHandler: Loaded 28 handlers.
2026.07.08 16:05:19,114	INFO	1	handlers.MasterHandler	ItemHandler: Loaded 30 handlers.
2026.07.08 16:05:19,114	INFO	1	handlers.MasterHandler	PunishmentHandler: Loaded 3 handlers.
2026.07.08 16:05:19,114	INFO	1	handlers.MasterHandler	UserCommandHandler: Loaded 16 handlers.
2026.07.08 16:05:19,114	INFO	1	handlers.MasterHandler	VoicedCommandHandler: Loaded 20 handlers.
2026.07.08 16:05:19,114	INFO	1	handlers.MasterHandler	TargetHandler: Loaded 21 handlers.
2026.07.08 16:05:19,114	INFO	1	handlers.MasterHandler	AffectObjectHandler: Loaded 11 handlers.
2026.07.08 16:05:19,114	INFO	1	handlers.MasterHandler	AffectScopeHandler: Loaded 19 handlers.
2026.07.08 16:05:19,114	INFO	1	handlers.MasterHandler	PlayerActionHandler: Loaded 24 handlers.
2026.07.08 16:05:19,114	INFO	1	handlers.MasterHandler	Handlers Loaded...
2026.07.08 16:05:19,933	INFO	1	org.l2jmobius.gameserver.model.quest.Quest	[EnhanceYourWeapon] Loaded 54 Soul Crystal data.
2026.07.08 16:05:19,934	INFO	1	org.l2jmobius.gameserver.model.quest.Quest	[EnhanceYourWeapon] Loaded 124 npc Leveling info data.
2026.07.08 16:05:19,986	INFO	1	ai.areas.ImperialTomb.FourSepulchers.FourSepulchers	[Four Sepulchers] Loaded 762 spawn zones data.
2026.07.08 16:05:20,006	INFO	1	ai.others.ClassMaster.ClassMaster	ClassMaster: Loaded 3 class change options.
2026.07.08 16:05:20,058	INFO	1	org.l2jmobius.gameserver.instancemanager.GrandBossManager	GrandBossManager: Updated Zaken(29022) status to 0.
2026.07.08 16:05:20,068	INFO	1	org.l2jmobius.gameserver.model.quest.Quest	Event Watermelon Ninja has passed... Ignored 
2026.07.08 16:05:20,070	INFO	1	org.l2jmobius.gameserver.model.quest.Quest	Event Merry Squashmas Event has passed... Ignored 
2026.07.08 16:05:20,071	INFO	1	org.l2jmobius.gameserver.model.quest.Quest	Event Squash Event has passed... Ignored 
2026.07.08 16:05:20,073	INFO	1	org.l2jmobius.gameserver.model.quest.Quest	Event Rudolphs Blessing has passed... Ignored 
2026.07.08 16:05:20,077	INFO	1	org.l2jmobius.gameserver.model.quest.Quest	Event Happy Hours has passed... Ignored 
2026.07.08 16:05:20,077	INFO	1	org.l2jmobius.gameserver.model.quest.Quest	Event Eve the Fortune Teller has passed... Ignored 
2026.07.08 16:05:20,078	INFO	1	org.l2jmobius.gameserver.model.quest.Quest	Event The Power Of Love has passed... Ignored 
2026.07.08 16:05:20,088	INFO	1	org.l2jmobius.gameserver.data.xml.SpawnData	SpawnData: Initializing spawns...
2026.07.08 16:05:20,278	INFO	1	org.l2jmobius.gameserver.instancemanager.DBSpawnManager	DBSpawnManager: Loaded 225 instances.
2026.07.08 16:05:20,278	INFO	1	org.l2jmobius.gameserver.instancemanager.DBSpawnManager	DBSpawnManager: Scheduled 0 instances.
2026.07.08 16:05:21,805	INFO	1	org.l2jmobius.gameserver.data.xml.SpawnData	SpawnData: All spawns has been initialized!
2026.07.08 16:05:21,805	INFO	1	org.l2jmobius.gameserver.GameServer	---------------------------------------------------=[ Siege ]
2026.07.08 16:05:21,811	INFO	1	org.l2jmobius.gameserver.data.xml.SiegeScheduleData	SiegeScheduleData: Loaded 9 siege schedulers.
2026.07.08 16:05:21,812	INFO	1	org.l2jmobius.gameserver.model.siege.Siege	Siege of Gludio: Sun Jul 12 16:00:00 CEST 2026
2026.07.08 16:05:21,814	INFO	1	org.l2jmobius.gameserver.model.siege.Siege	Siege of Dion: Sun Jul 12 20:00:00 CEST 2026
2026.07.08 16:05:21,815	INFO	1	org.l2jmobius.gameserver.model.siege.Siege	Siege of Giran: Sun Jul 12 16:00:00 CEST 2026
2026.07.08 16:05:21,816	INFO	1	org.l2jmobius.gameserver.model.siege.Siege	Siege of Oren: Sun Jul 12 20:00:00 CEST 2026
2026.07.08 16:05:21,817	INFO	1	org.l2jmobius.gameserver.model.siege.Siege	Siege of Aden: Sun Jul 12 16:00:00 CEST 2026
2026.07.08 16:05:21,818	INFO	1	org.l2jmobius.gameserver.model.siege.Siege	Siege of Innadril: Sun Jul 12 20:00:00 CEST 2026
2026.07.08 16:05:21,818	INFO	1	org.l2jmobius.gameserver.model.siege.Siege	Siege of Goddard: Sun Jul 12 16:00:00 CEST 2026
2026.07.08 16:05:21,819	INFO	1	org.l2jmobius.gameserver.model.siege.Siege	Siege of Rune: Sun Jul 12 20:00:00 CEST 2026
2026.07.08 16:05:21,820	INFO	1	org.l2jmobius.gameserver.model.siege.Siege	Siege of Schuttgart: Sun Jul 12 16:00:00 CEST 2026
2026.07.08 16:05:21,823	INFO	1	org.l2jmobius.gameserver.instancemanager.CastleManorManager	CastleManorManager: Manor system is deactivated.
2026.07.08 16:05:21,825	INFO	1	org.l2jmobius.gameserver.instancemanager.SiegeGuardManager	SiegeGuardManager: Loaded 0 siege guards tickets.
2026.07.08 16:05:21,825	INFO	1	org.l2jmobius.gameserver.instancemanager.QuestManager	QuestManager: Loaded 216 quests.
2026.07.08 16:05:21,825	INFO	1	org.l2jmobius.gameserver.instancemanager.QuestManager	QuestManager: Loaded 115 scripts.
2026.07.08 16:05:21,831	INFO	1	org.l2jmobius.gameserver.taskmanager.TaskManager	TaskManager: Loaded 5 Tasks.
2026.07.08 16:05:21,832	INFO	1	org.l2jmobius.gameserver.instancemanager.DailyTaskManager	DailyTaskManager: Next schedule at 09/07 06:30.
2026.07.08 16:05:21,834	INFO	1	org.l2jmobius.gameserver.instancemanager.MailManager	MailManager: Loaded 0 messages.
2026.07.08 16:05:21,834	INFO	1	org.l2jmobius.gameserver.instancemanager.CustomMailManager	CustomMailManager: Enabled.
2026.07.08 16:05:21,836	INFO	1	org.l2jmobius.gameserver.instancemanager.PunishmentManager	PunishmentManager: Loaded 0 active and 0 expired punishments.
2026.07.08 16:05:21,837	INFO	1	org.l2jmobius.gameserver.GameServer	IdManager: Free ObjectID's remaining: 1879008095
2026.07.08 16:05:21,837	INFO	1	org.l2jmobius.gameserver.data.sql.OfflineTraderTable	OfflineTraderTable: Loading offline traders...
2026.07.08 16:05:21,838	INFO	1	org.l2jmobius.gameserver.data.sql.OfflineTraderTable	OfflineTraderTable: Loaded 0 offline traders.
2026.07.08 16:05:21,959	INFO	1	org.l2jmobius.gameserver.GameServer	GameServer: Started, using 2494 of 16384 MB total memory.
2026.07.08 16:05:21,959	INFO	1	org.l2jmobius.gameserver.GameServer	GameServer: Maximum number of connected players is 2000.
2026.07.08 16:05:21,959	INFO	1	org.l2jmobius.gameserver.GameServer	GameServer: Server loaded in 14 seconds.
2026.07.08 16:05:21,973	INFO	190	org.l2jmobius.gameserver.LoginServerThread	LoginServerThread: Connecting to login on 127.0.0.1:9014
2026.07.08 16:05:21,979	INFO	190	org.l2jmobius.gameserver.LoginServerThread	LoginServerThread: Registered on login as Server 1: Bartz
2026.07.08 16:05:52,254	WARNING	140	org.l2jmobius.gameserver.model.actor.Creature	Master access level set for character QAQA! Just a warning to be careful ;)
2026.07.08 16:06:00,005	WARNING	142	org.l2jmobius.gameserver.model.quest.Quest	could not insert char quest:
2026.07.08 16:06:05,019	WARNING	62	org.l2jmobius.gameserver.model.quest.Quest	could not insert char quest:
2026.07.08 16:06:05,023	WARNING	62	org.l2jmobius.gameserver.model.quest.Quest	could not insert char quest:
2026.07.08 16:06:05,025	WARNING	62	org.l2jmobius.gameserver.model.quest.Quest	could not insert char quest:
