2026.07.09 14:11:59,220	INFO	1	org.l2jmobius.commons.util.IXmlReader	Network Config: ipconfig.xml doesn't exist using automatic configuration...
2026.07.09 14:11:59,658	INFO	1	org.l2jmobius.commons.util.IXmlReader	Network Config: Adding new subnet: 10.37.129.0/24 address: 10.37.129.2
2026.07.09 14:11:59,658	INFO	1	org.l2jmobius.commons.util.IXmlReader	Network Config: Adding new subnet: 10.211.55.0/24 address: 10.211.55.2
2026.07.09 14:11:59,659	INFO	1	org.l2jmobius.commons.util.IXmlReader	Network Config: Adding new subnet: 192.168.1.0/24 address: 192.168.1.17
2026.07.09 14:11:59,659	INFO	1	org.l2jmobius.commons.util.IXmlReader	Network Config: Adding new subnet: 127.0.0.0/8 address: 127.0.0.1
2026.07.09 14:11:59,659	INFO	1	org.l2jmobius.commons.util.IXmlReader	Network Config: Adding new subnet: 0.0.0.0/0 address: 95.19.225.52
2026.07.09 14:11:59,673	INFO	1	org.l2jmobius.Config	Loaded 6 Filter Words.
2026.07.09 14:11:59,738	INFO	1	org.l2jmobius.Config	Loaded 428 allowed community board teleports.
2026.07.09 14:11:59,747	INFO	1	org.l2jmobius.gameserver.GameServer	------------------------------------------------=[ Database ]
2026.07.09 14:11:59,942	INFO	1	org.l2jmobius.commons.database.DatabaseFactory	Database: Initialized.
2026.07.09 14:11:59,949	INFO	1	org.l2jmobius.commons.database.queries.SqlQueryManager	SqlQueryManager: Loaded 48 game queries for dialect SQLITE.
2026.07.09 14:11:59,949	INFO	1	org.l2jmobius.gameserver.GameServer	----------------------------------------------=[ ThreadPool ]
2026.07.09 14:11:59,950	INFO	1	org.l2jmobius.commons.threads.ThreadPool	ThreadPool: Initialized
2026.07.09 14:11:59,950	INFO	1	org.l2jmobius.commons.threads.ThreadPool	...scheduled pool executor with 16 high priority threads.
2026.07.09 14:11:59,953	INFO	1	org.l2jmobius.commons.threads.ThreadPool	...scheduled pool executor with 64 total threads.
2026.07.09 14:11:59,953	INFO	1	org.l2jmobius.commons.threads.ThreadPool	...instant pool executor with 32 total threads.
2026.07.09 14:11:59,953	INFO	1	org.l2jmobius.gameserver.GameServer	-----------------------------------------------=[ IdManager ]
2026.07.09 14:11:59,956	WARNING	1	org.l2jmobius.gameserver.instancemanager.IdManager	IdManager: Could not update characters online status: org.sqlite.SQLiteException: [SQLITE_ERROR] SQL error or missing database (no such table: characters)
2026.07.09 14:11:59,957	WARNING	1	org.l2jmobius.gameserver.instancemanager.IdManager	IdManager: Could not clean up database: org.sqlite.SQLiteException: [SQLITE_ERROR] SQL error or missing database (no such table: account_gsdata)
2026.07.09 14:11:59,959	WARNING	1	org.l2jmobius.gameserver.instancemanager.IdManager	IdManager: Could not clean expired timestamps from database. org.sqlite.SQLiteException: [SQLITE_ERROR] SQL error or missing database (no such table: character_instance_time)
2026.07.09 14:11:59,960	SEVERE	1	org.l2jmobius.gameserver.instancemanager.IdManager	IdManager: Could not be initialized properly: [SQLITE_ERROR] SQL error or missing database (no such table: messages)
2026.07.09 14:11:59,960	INFO	1	org.l2jmobius.gameserver.instancemanager.IdManager	IdManager: 102912 id's available.
2026.07.09 14:11:59,960	INFO	1	org.l2jmobius.gameserver.GameServer	----------------------------------------=[ Scripting Engine ]
2026.07.09 14:12:00,030	INFO	1	org.l2jmobius.gameserver.scripting.ScriptEngineManager	Loaded 792 files to exclude.
2026.07.09 14:12:00,030	INFO	1	org.l2jmobius.gameserver.GameServer	---------------------------------------------------=[ World ]
2026.07.09 14:12:00,118	INFO	1	org.l2jmobius.gameserver.instancemanager.MapRegionManager	MapRegionManager: Loaded 57 map regions.
2026.07.09 14:12:00,121	INFO	1	org.l2jmobius.gameserver.instancemanager.ZoneManager	ZoneManager 19 by 18 Zone Region Grid set up.
2026.07.09 14:12:00,291	INFO	1	org.l2jmobius.gameserver.instancemanager.ZoneManager	ZoneManager: Loaded 32 zone classes and 2742 zones.
2026.07.09 14:12:00,292	INFO	1	org.l2jmobius.gameserver.instancemanager.ZoneManager	ZoneManager: Last static id 200224.
2026.07.09 14:12:00,324	WARNING	1	org.l2jmobius.commons.util.IXmlReader	Could not parse file: DoorData.xml
2026.07.09 14:12:00,332	WARNING	1	org.l2jmobius.commons.util.IXmlReader	Could not parse file: FenceData.xml
2026.07.09 14:12:00,333	INFO	1	FenceData	FenceData: Loaded 0 fences.
2026.07.09 14:12:00,334	WARNING	1	org.l2jmobius.gameserver.data.sql.AnnouncementsTable	AnnouncementsTable: Failed loading announcements:
2026.07.09 14:12:00,335	WARNING	1	org.l2jmobius.gameserver.instancemanager.GlobalVariablesManager	GlobalVariablesManager: Couldn't restore global variables.
2026.07.09 14:12:00,336	INFO	1	org.l2jmobius.gameserver.GameServer	----------------------------------------------------=[ Data ]
2026.07.09 14:12:00,339	INFO	1	org.l2jmobius.gameserver.data.xml.ActionData	ActionData: Loaded 242 player actions.
2026.07.09 14:12:00,353	INFO	1	org.l2jmobius.gameserver.data.xml.CategoryData	CategoryData: Loaded 215 categories.
2026.07.09 14:12:00,356	INFO	1	org.l2jmobius.gameserver.data.xml.SecondaryAuthData	SecondaryAuthData: Loaded 328 forbidden passwords.
2026.07.09 14:12:00,366	WARNING	1	org.l2jmobius.gameserver.data.xml.ItemData	Dir /Users/artem/dev/l2/interlude_classic/dist/game/data/stats/items/custom does not exist.
2026.07.09 14:12:01,017	INFO	1	org.l2jmobius.gameserver.data.xml.ItemData	ItemData: Highest item id used: 90726
2026.07.09 14:12:01,022	INFO	1	org.l2jmobius.gameserver.data.xml.ItemData	ItemData: Loaded 21741 Etc Items
2026.07.09 14:12:01,022	INFO	1	org.l2jmobius.gameserver.data.xml.ItemData	ItemData: Loaded 11226 Armor Items
2026.07.09 14:12:01,022	INFO	1	org.l2jmobius.gameserver.data.xml.ItemData	ItemData: Loaded 8662 Weapon Items
2026.07.09 14:12:01,022	INFO	1	org.l2jmobius.gameserver.data.xml.ItemData	ItemData: Loaded 41629 Items in total.
2026.07.09 14:12:01,024	INFO	1	org.l2jmobius.gameserver.data.xml.CombinationItemsData	CombinationItemsData: Loaded 855 combinations.
2026.07.09 14:12:01,027	INFO	1	org.l2jmobius.gameserver.data.xml.SayuneData	SayuneData: Loaded 0 maps.
2026.07.09 14:12:01,032	INFO	1	org.l2jmobius.gameserver.data.xml.ClanRewardData	ClanRewardData: Loaded 4 rewards for members online.
2026.07.09 14:12:01,032	INFO	1	org.l2jmobius.gameserver.data.xml.ClanRewardData	ClanRewardData: Loaded 4 rewards for hunting monsters.
2026.07.09 14:12:01,240	INFO	1	handlers.DailyMissionMasterHandler	DailyMissionMasterHandler: Loaded 9 handlers.
2026.07.09 14:12:01,243	INFO	1	org.l2jmobius.gameserver.data.xml.DailyMissionData	DailyMissionData: Loaded 0 one day rewards.
2026.07.09 14:12:01,243	INFO	1	org.l2jmobius.gameserver.GameServer	--------------------------------------------------=[ Skills ]
2026.07.09 14:12:01,511	INFO	1	handlers.EffectMasterHandler	EffectMasterHandler: Loaded 365 effect handlers.
2026.07.09 14:12:01,517	INFO	1	org.l2jmobius.gameserver.data.xml.EnchantSkillGroupsData	EnchantSkillGroupsData: Loaded 30 enchant routes, max enchant set to 30.
2026.07.09 14:12:02,800	INFO	1	org.l2jmobius.gameserver.data.xml.SkillData	SkillData: Loaded 123350 Skills.
2026.07.09 14:12:02,904	INFO	1	org.l2jmobius.gameserver.data.xml.SkillTreeData	SkillTreeData: Loaded 13708 Class skills for 89 class skill trees.
2026.07.09 14:12:02,905	INFO	1	org.l2jmobius.gameserver.data.xml.SkillTreeData	SkillTreeData: Loaded 0 sub-class skills.
2026.07.09 14:12:02,905	INFO	1	org.l2jmobius.gameserver.data.xml.SkillTreeData	SkillTreeData: Loaded 0 dual-class skills.
2026.07.09 14:12:02,905	INFO	1	org.l2jmobius.gameserver.data.xml.SkillTreeData	SkillTreeData: Loaded 0 transfer skills for 0 transfer skill trees.
2026.07.09 14:12:02,905	INFO	1	org.l2jmobius.gameserver.data.xml.SkillTreeData	SkillTreeData: Loaded 0 race skills for 0 race skill trees.
2026.07.09 14:12:02,905	INFO	1	org.l2jmobius.gameserver.data.xml.SkillTreeData	SkillTreeData: Loaded 35 fishing skills, 8 Dwarven only fishing skills.
2026.07.09 14:12:02,905	INFO	1	org.l2jmobius.gameserver.data.xml.SkillTreeData	SkillTreeData: Loaded 0 collect skills.
2026.07.09 14:12:02,906	INFO	1	org.l2jmobius.gameserver.data.xml.SkillTreeData	SkillTreeData: Loaded 73 clan skills, 43 for clan and 30 residential.
2026.07.09 14:12:02,906	INFO	1	org.l2jmobius.gameserver.data.xml.SkillTreeData	SkillTreeData: Loaded 18 sub-pledge skills.
2026.07.09 14:12:02,906	INFO	1	org.l2jmobius.gameserver.data.xml.SkillTreeData	SkillTreeData: Loaded 32 transform skills.
2026.07.09 14:12:02,907	INFO	1	org.l2jmobius.gameserver.data.xml.SkillTreeData	SkillTreeData: Loaded 8 noble skills.
2026.07.09 14:12:02,907	INFO	1	org.l2jmobius.gameserver.data.xml.SkillTreeData	SkillTreeData: Loaded 5 hero skills.
2026.07.09 14:12:02,907	INFO	1	org.l2jmobius.gameserver.data.xml.SkillTreeData	SkillTreeData: Loaded 34 game master skills.
2026.07.09 14:12:02,907	INFO	1	org.l2jmobius.gameserver.data.xml.SkillTreeData	SkillTreeData: Loaded 1 game master aura skills.
2026.07.09 14:12:02,907	INFO	1	org.l2jmobius.gameserver.data.xml.SkillTreeData	SkillTreeData: Loaded 0 ability skills.
2026.07.09 14:12:02,907	INFO	1	org.l2jmobius.gameserver.data.xml.SkillTreeData	SkillTreeData: Loaded 0 alchemy skills.
2026.07.09 14:12:02,907	INFO	1	org.l2jmobius.gameserver.data.xml.SkillTreeData	SkillTreeData: Loaded 0 class awaken save skills.
2026.07.09 14:12:02,907	INFO	1	org.l2jmobius.gameserver.data.xml.SkillTreeData	SkillTreeData: Loaded 0 Revelation skills.
2026.07.09 14:12:02,907	INFO	1	org.l2jmobius.gameserver.data.xml.SkillTreeData	SkillTreeData: Loaded 16 common skills.
2026.07.09 14:12:02,912	INFO	1	org.l2jmobius.gameserver.data.xml.PetSkillData	PetSkillData: Loaded 1046 skills.
2026.07.09 14:12:02,912	INFO	1	org.l2jmobius.gameserver.GameServer	---------------------------------------------------=[ Items ]
2026.07.09 14:12:02,935	INFO	1	org.l2jmobius.gameserver.data.xml.EnchantItemGroupsData	EnchantItemGroupsData: Loaded 4 item group templates.
2026.07.09 14:12:02,935	INFO	1	org.l2jmobius.gameserver.data.xml.EnchantItemGroupsData	EnchantItemGroupsData: Loaded 1 scroll group templates.
2026.07.09 14:12:02,935	INFO	1	org.l2jmobius.gameserver.data.xml.EnchantItemGroupsData	EnchantItemGroupsData: Max weapon enchant is set to 30.
2026.07.09 14:12:02,935	INFO	1	org.l2jmobius.gameserver.data.xml.EnchantItemGroupsData	EnchantItemGroupsData: Max armor enchant is set to 30.
2026.07.09 14:12:02,935	INFO	1	org.l2jmobius.gameserver.data.xml.EnchantItemGroupsData	EnchantItemGroupsData: Max accessory enchant is set to 30.
2026.07.09 14:12:02,939	INFO	1	org.l2jmobius.gameserver.data.xml.EnchantItemData	EnchantItemData: Loaded 248 enchant scrolls.
2026.07.09 14:12:02,939	INFO	1	org.l2jmobius.gameserver.data.xml.EnchantItemData	EnchantItemData: Loaded 100 support items.
2026.07.09 14:12:03,206	INFO	1	org.l2jmobius.gameserver.data.xml.OptionData	OptionData: Loaded 34053 options.
2026.07.09 14:12:03,211	INFO	1	org.l2jmobius.gameserver.data.xml.EnchantItemOptionsData	EnchantItemOptionsData: Loaded 68 items and 1747 options.
2026.07.09 14:12:03,214	INFO	1	org.l2jmobius.commons.util.IXmlReader	ElementalAttributeData: Loaded 0 elemental attribute items.
2026.07.09 14:12:03,215	INFO	1	org.l2jmobius.gameserver.data.xml.ItemCrystallizationData	ItemCrystallizationData: Loaded 12 crystallization templates.
2026.07.09 14:12:03,215	INFO	1	org.l2jmobius.gameserver.data.xml.ItemCrystallizationData	ItemCrystallizationData: Loaded 0 pre-defined crystallizable items.
2026.07.09 14:12:03,219	INFO	1	org.l2jmobius.gameserver.data.xml.ItemCrystallizationData	ItemCrystallizationData: Generated 0 crystallizable items from templates.
2026.07.09 14:12:03,253	INFO	1	VariationData	VariationData: Loaded 120 variations.
2026.07.09 14:12:03,253	INFO	1	VariationData	VariationData: Loaded 4717 fees.
2026.07.09 14:12:03,255	INFO	1	org.l2jmobius.gameserver.data.xml.EnchantItemHPBonusData	EnchantItemHPBonusData: Loaded 11 enchant HP bonuses.
2026.07.09 14:12:03,353	INFO	1	org.l2jmobius.gameserver.data.xml.BuyListData	BuyListData: Loaded 481 buyLists.
2026.07.09 14:12:03,354	WARNING	1	org.l2jmobius.gameserver.data.xml.BuyListData	Failed to load buyList data from database.
2026.07.09 14:12:03,415	INFO	1	org.l2jmobius.gameserver.data.xml.MultisellData	MultisellData: Loaded 101 multisell lists.
2026.07.09 14:12:03,430	INFO	1	org.l2jmobius.gameserver.data.xml.RecipeData	RecipeData: Loaded 630 recipes.
2026.07.09 14:12:03,442	INFO	1	org.l2jmobius.gameserver.data.xml.ArmorSetData	ArmorSetData: Loaded 317 armor sets.
2026.07.09 14:12:03,444	INFO	1	org.l2jmobius.gameserver.data.xml.FishingData	FishingData: Loaded 3 bait and 13 rod data.
2026.07.09 14:12:03,454	INFO	1	org.l2jmobius.gameserver.data.xml.HennaData	HennaData: Loaded 372 henna data.
2026.07.09 14:12:03,455	INFO	1	org.l2jmobius.gameserver.data.xml.PrimeShopData	PrimeShopData: System is disabled.
2026.07.09 14:12:03,466	INFO	1	org.l2jmobius.gameserver.data.xml.AppearanceItemData	AppearanceItemData: Loaded 1217 stones.
2026.07.09 14:12:03,468	WARNING	1	org.l2jmobius.gameserver.instancemanager.ItemCommissionManager	ItemCommissionManager: Failed loading commission items.
2026.07.09 14:12:03,470	INFO	1	org.l2jmobius.commons.util.IXmlReader	LuckyGameData: Loaded 2 lucky game data.
2026.07.09 14:12:03,470	INFO	1	org.l2jmobius.gameserver.data.xml.AttendanceRewardData	AttendanceRewardData: Disabled.
2026.07.09 14:12:03,470	INFO	1	org.l2jmobius.gameserver.GameServer	----------------------------------------------=[ Characters ]
2026.07.09 14:12:03,472	INFO	1	org.l2jmobius.gameserver.data.xml.ClassListData	ClassListData: Loaded 153 class data.
2026.07.09 14:12:03,473	INFO	1	org.l2jmobius.gameserver.data.xml.InitialEquipmentData	InitialEquipmentData: Loaded 9 initial equipment data.
2026.07.09 14:12:03,475	INFO	1	org.l2jmobius.gameserver.data.xml.InitialShortcutData	InitialShortcutData: Loaded 5 initial global shortcuts data.
2026.07.09 14:12:03,475	INFO	1	org.l2jmobius.gameserver.data.xml.InitialShortcutData	InitialShortcutData: Loaded 4 initial shortcuts data.
2026.07.09 14:12:03,475	INFO	1	org.l2jmobius.gameserver.data.xml.InitialShortcutData	InitialShortcutData: Loaded 0 macro presets.
2026.07.09 14:12:03,476	INFO	1	org.l2jmobius.gameserver.data.xml.ExperienceData	ExperienceData: Loaded 81 levels.
2026.07.09 14:12:03,476	INFO	1	org.l2jmobius.gameserver.data.xml.ExperienceData	ExperienceData: Max Player Level is 80.
2026.07.09 14:12:03,476	INFO	1	org.l2jmobius.gameserver.data.xml.ExperienceData	ExperienceData: Max Pet Level is 81.
2026.07.09 14:12:03,477	INFO	1	org.l2jmobius.gameserver.data.xml.KarmaData	KarmaData: Loaded 80 karma modifiers.
2026.07.09 14:12:03,478	INFO	1	org.l2jmobius.gameserver.data.xml.HitConditionBonusData	HitConditionBonusData: Loaded hit condition bonuses.
2026.07.09 14:12:03,559	INFO	1	org.l2jmobius.gameserver.data.xml.PlayerTemplateData	PlayerTemplateData: Loaded 89 character templates.
2026.07.09 14:12:03,559	INFO	1	org.l2jmobius.gameserver.data.xml.PlayerTemplateData	PlayerTemplateData: Loaded 42720 level up gain records.
2026.07.09 14:12:03,561	WARNING	1	org.l2jmobius.gameserver.data.sql.CharInfoTable	CharInfoTable: Couldn't retrieve all char id/name/access: [SQLITE_ERROR] SQL error or missing database (no such table: characters)
2026.07.09 14:12:03,561	INFO	1	org.l2jmobius.gameserver.data.sql.CharInfoTable	CharInfoTable: Loaded 0 char names.
2026.07.09 14:12:03,563	INFO	1	org.l2jmobius.gameserver.data.xml.AdminData	AdminData: Loaded 10 access levels.
2026.07.09 14:12:03,564	INFO	1	org.l2jmobius.gameserver.data.xml.AdminData	AdminData: Loaded 458 access commands.
2026.07.09 14:12:03,690	INFO	1	org.l2jmobius.gameserver.data.xml.PetDataTable	PetDataTable: Loaded 56 pets.
2026.07.09 14:12:03,702	INFO	1	org.l2jmobius.gameserver.data.xml.CubicData	CubicData: Loaded 21 cubics.
2026.07.09 14:12:03,707	WARNING	1	org.l2jmobius.gameserver.data.sql.CharSummonTable	CharSummonTable: Error while loading saved servitor: org.sqlite.SQLiteException: [SQLITE_ERROR] SQL error or missing database (no such table: character_summons)
2026.07.09 14:12:03,708	WARNING	1	org.l2jmobius.gameserver.data.sql.CharSummonTable	CharSummonTable: Error while loading saved pet: org.sqlite.SQLiteException: [SQLITE_ERROR] SQL error or missing database (no such table: pets)
2026.07.09 14:12:03,711	WARNING	1	org.l2jmobius.gameserver.instancemanager.MentorManager	[SQLITE_ERROR] SQL error or missing database (no such table: character_mentees)
2026.07.09 14:12:03,711	INFO	1	org.l2jmobius.gameserver.GameServer	PremiumManager: Premium system is enabled.
2026.07.09 14:12:03,712	INFO	1	org.l2jmobius.gameserver.GameServer	---------------------------------------------------=[ Clans ]
2026.07.09 14:12:03,713	WARNING	1	org.l2jmobius.gameserver.communitybbs.Manager.ForumsBBSManager	ForumsBBSManager: Data error on Forum (root): [SQLITE_ERROR] SQL error or missing database (no such table: forums)
2026.07.09 14:12:03,714	INFO	1	org.l2jmobius.gameserver.communitybbs.Manager.ForumsBBSManager	ForumsBBSManager: Loaded 0 forums. Last forum id used: 1
2026.07.09 14:12:03,715	SEVERE	1	org.l2jmobius.gameserver.data.sql.ClanTable	Error restoring ClanTable.
2026.07.09 14:12:03,716	INFO	1	org.l2jmobius.gameserver.data.sql.ClanTable	ClanTable: Restored 0 clans from the database.
2026.07.09 14:12:03,716	SEVERE	1	org.l2jmobius.gameserver.data.sql.ClanTable	ClanTable: Error restoring clan wars data.
2026.07.09 14:12:03,719	INFO	1	org.l2jmobius.gameserver.data.xml.ResidenceFunctionsData	ResidenceFunctionsData: Loaded 8 functions.
2026.07.09 14:12:03,722	INFO	1	org.l2jmobius.gameserver.model.residences.ClanHall	Failed loading clan hall
2026.07.09 14:12:03,723	WARNING	1	org.l2jmobius.gameserver.model.residences.AbstractResidence	Failed to initialize functions for residence: 40
2026.07.09 14:12:03,725	INFO	1	org.l2jmobius.gameserver.model.residences.ClanHall	Failed loading clan hall
2026.07.09 14:12:03,725	WARNING	1	org.l2jmobius.gameserver.model.residences.AbstractResidence	Failed to initialize functions for residence: 41
2026.07.09 14:12:03,726	INFO	1	org.l2jmobius.gameserver.model.residences.ClanHall	Failed loading clan hall
2026.07.09 14:12:03,727	WARNING	1	org.l2jmobius.gameserver.model.residences.AbstractResidence	Failed to initialize functions for residence: 39
2026.07.09 14:12:03,728	INFO	1	org.l2jmobius.gameserver.model.residences.ClanHall	Failed loading clan hall
2026.07.09 14:12:03,729	WARNING	1	org.l2jmobius.gameserver.model.residences.AbstractResidence	Failed to initialize functions for residence: 37
2026.07.09 14:12:03,729	INFO	1	org.l2jmobius.gameserver.model.residences.ClanHall	Failed loading clan hall
2026.07.09 14:12:03,730	WARNING	1	org.l2jmobius.gameserver.model.residences.AbstractResidence	Failed to initialize functions for residence: 36
2026.07.09 14:12:03,731	INFO	1	org.l2jmobius.gameserver.model.residences.ClanHall	Failed loading clan hall
2026.07.09 14:12:03,731	WARNING	1	org.l2jmobius.gameserver.model.residences.AbstractResidence	Failed to initialize functions for residence: 38
2026.07.09 14:12:03,733	INFO	1	org.l2jmobius.gameserver.model.residences.ClanHall	Failed loading clan hall
2026.07.09 14:12:03,733	WARNING	1	org.l2jmobius.gameserver.model.residences.AbstractResidence	Failed to initialize functions for residence: 55
2026.07.09 14:12:03,735	INFO	1	org.l2jmobius.gameserver.model.residences.ClanHall	Failed loading clan hall
2026.07.09 14:12:03,736	WARNING	1	org.l2jmobius.gameserver.model.residences.AbstractResidence	Failed to initialize functions for residence: 51
2026.07.09 14:12:03,737	INFO	1	org.l2jmobius.gameserver.model.residences.ClanHall	Failed loading clan hall
2026.07.09 14:12:03,737	WARNING	1	org.l2jmobius.gameserver.model.residences.AbstractResidence	Failed to initialize functions for residence: 53
2026.07.09 14:12:03,738	INFO	1	org.l2jmobius.gameserver.model.residences.ClanHall	Failed loading clan hall
2026.07.09 14:12:03,739	WARNING	1	org.l2jmobius.gameserver.model.residences.AbstractResidence	Failed to initialize functions for residence: 54
2026.07.09 14:12:03,740	INFO	1	org.l2jmobius.gameserver.model.residences.ClanHall	Failed loading clan hall
2026.07.09 14:12:03,741	WARNING	1	org.l2jmobius.gameserver.model.residences.AbstractResidence	Failed to initialize functions for residence: 52
2026.07.09 14:12:03,742	INFO	1	org.l2jmobius.gameserver.model.residences.ClanHall	Failed loading clan hall
2026.07.09 14:12:03,743	WARNING	1	org.l2jmobius.gameserver.model.residences.AbstractResidence	Failed to initialize functions for residence: 57
2026.07.09 14:12:03,744	INFO	1	org.l2jmobius.gameserver.model.residences.ClanHall	Failed loading clan hall
2026.07.09 14:12:03,744	WARNING	1	org.l2jmobius.gameserver.model.residences.AbstractResidence	Failed to initialize functions for residence: 56
2026.07.09 14:12:03,745	INFO	1	org.l2jmobius.gameserver.model.residences.ClanHall	Failed loading clan hall
2026.07.09 14:12:03,746	WARNING	1	org.l2jmobius.gameserver.model.residences.AbstractResidence	Failed to initialize functions for residence: 71
2026.07.09 14:12:03,747	INFO	1	org.l2jmobius.gameserver.model.residences.ClanHall	Failed loading clan hall
2026.07.09 14:12:03,749	WARNING	1	org.l2jmobius.gameserver.model.residences.AbstractResidence	Failed to initialize functions for residence: 32
2026.07.09 14:12:03,750	INFO	1	org.l2jmobius.gameserver.model.residences.ClanHall	Failed loading clan hall
2026.07.09 14:12:03,750	WARNING	1	org.l2jmobius.gameserver.model.residences.AbstractResidence	Failed to initialize functions for residence: 72
2026.07.09 14:12:03,751	INFO	1	org.l2jmobius.gameserver.model.residences.ClanHall	Failed loading clan hall
2026.07.09 14:12:03,752	WARNING	1	org.l2jmobius.gameserver.model.residences.AbstractResidence	Failed to initialize functions for residence: 70
2026.07.09 14:12:03,753	INFO	1	org.l2jmobius.gameserver.model.residences.ClanHall	Failed loading clan hall
2026.07.09 14:12:03,754	WARNING	1	org.l2jmobius.gameserver.model.residences.AbstractResidence	Failed to initialize functions for residence: 69
2026.07.09 14:12:03,755	INFO	1	org.l2jmobius.gameserver.model.residences.ClanHall	Failed loading clan hall
2026.07.09 14:12:03,755	WARNING	1	org.l2jmobius.gameserver.model.residences.AbstractResidence	Failed to initialize functions for residence: 33
2026.07.09 14:12:03,756	INFO	1	org.l2jmobius.gameserver.model.residences.ClanHall	Failed loading clan hall
2026.07.09 14:12:03,757	WARNING	1	org.l2jmobius.gameserver.model.residences.AbstractResidence	Failed to initialize functions for residence: 31
2026.07.09 14:12:03,758	INFO	1	org.l2jmobius.gameserver.model.residences.ClanHall	Failed loading clan hall
2026.07.09 14:12:03,758	WARNING	1	org.l2jmobius.gameserver.model.residences.AbstractResidence	Failed to initialize functions for residence: 45
2026.07.09 14:12:03,759	INFO	1	org.l2jmobius.gameserver.model.residences.ClanHall	Failed loading clan hall
2026.07.09 14:12:03,759	WARNING	1	org.l2jmobius.gameserver.model.residences.AbstractResidence	Failed to initialize functions for residence: 46
2026.07.09 14:12:03,761	INFO	1	org.l2jmobius.gameserver.model.residences.ClanHall	Failed loading clan hall
2026.07.09 14:12:03,761	WARNING	1	org.l2jmobius.gameserver.model.residences.AbstractResidence	Failed to initialize functions for residence: 43
2026.07.09 14:12:03,763	INFO	1	org.l2jmobius.gameserver.model.residences.ClanHall	Failed loading clan hall
2026.07.09 14:12:03,764	WARNING	1	org.l2jmobius.gameserver.model.residences.AbstractResidence	Failed to initialize functions for residence: 42
2026.07.09 14:12:03,765	INFO	1	org.l2jmobius.gameserver.model.residences.ClanHall	Failed loading clan hall
2026.07.09 14:12:03,766	WARNING	1	org.l2jmobius.gameserver.model.residences.AbstractResidence	Failed to initialize functions for residence: 44
2026.07.09 14:12:03,766	INFO	1	org.l2jmobius.gameserver.model.residences.ClanHall	Failed loading clan hall
2026.07.09 14:12:03,767	WARNING	1	org.l2jmobius.gameserver.model.residences.AbstractResidence	Failed to initialize functions for residence: 60
2026.07.09 14:12:03,768	INFO	1	org.l2jmobius.gameserver.model.residences.ClanHall	Failed loading clan hall
2026.07.09 14:12:03,768	WARNING	1	org.l2jmobius.gameserver.model.residences.AbstractResidence	Failed to initialize functions for residence: 59
2026.07.09 14:12:03,769	INFO	1	org.l2jmobius.gameserver.model.residences.ClanHall	Failed loading clan hall
2026.07.09 14:12:03,770	WARNING	1	org.l2jmobius.gameserver.model.residences.AbstractResidence	Failed to initialize functions for residence: 61
2026.07.09 14:12:03,771	INFO	1	org.l2jmobius.gameserver.model.residences.ClanHall	Failed loading clan hall
2026.07.09 14:12:03,771	WARNING	1	org.l2jmobius.gameserver.model.residences.AbstractResidence	Failed to initialize functions for residence: 58
2026.07.09 14:12:03,772	INFO	1	org.l2jmobius.gameserver.model.residences.ClanHall	Failed loading clan hall
2026.07.09 14:12:03,772	WARNING	1	org.l2jmobius.gameserver.model.residences.AbstractResidence	Failed to initialize functions for residence: 65
2026.07.09 14:12:03,773	INFO	1	org.l2jmobius.gameserver.model.residences.ClanHall	Failed loading clan hall
2026.07.09 14:12:03,773	WARNING	1	org.l2jmobius.gameserver.model.residences.AbstractResidence	Failed to initialize functions for residence: 68
2026.07.09 14:12:03,774	INFO	1	org.l2jmobius.gameserver.model.residences.ClanHall	Failed loading clan hall
2026.07.09 14:12:03,775	WARNING	1	org.l2jmobius.gameserver.model.residences.AbstractResidence	Failed to initialize functions for residence: 66
2026.07.09 14:12:03,775	INFO	1	org.l2jmobius.gameserver.model.residences.ClanHall	Failed loading clan hall
2026.07.09 14:12:03,776	WARNING	1	org.l2jmobius.gameserver.model.residences.AbstractResidence	Failed to initialize functions for residence: 23
2026.07.09 14:12:03,777	INFO	1	org.l2jmobius.gameserver.model.residences.ClanHall	Failed loading clan hall
2026.07.09 14:12:03,777	WARNING	1	org.l2jmobius.gameserver.model.residences.AbstractResidence	Failed to initialize functions for residence: 67
2026.07.09 14:12:03,778	INFO	1	org.l2jmobius.gameserver.model.residences.ClanHall	Failed loading clan hall
2026.07.09 14:12:03,779	WARNING	1	org.l2jmobius.gameserver.model.residences.AbstractResidence	Failed to initialize functions for residence: 24
2026.07.09 14:12:03,779	INFO	1	org.l2jmobius.gameserver.model.residences.ClanHall	Failed loading clan hall
2026.07.09 14:12:03,780	WARNING	1	org.l2jmobius.gameserver.model.residences.AbstractResidence	Failed to initialize functions for residence: 25
2026.07.09 14:12:03,781	INFO	1	org.l2jmobius.gameserver.model.residences.ClanHall	Failed loading clan hall
2026.07.09 14:12:03,781	WARNING	1	org.l2jmobius.gameserver.model.residences.AbstractResidence	Failed to initialize functions for residence: 22
2026.07.09 14:12:03,782	INFO	1	org.l2jmobius.gameserver.model.residences.ClanHall	Failed loading clan hall
2026.07.09 14:12:03,782	WARNING	1	org.l2jmobius.gameserver.model.residences.AbstractResidence	Failed to initialize functions for residence: 49
2026.07.09 14:12:03,783	INFO	1	org.l2jmobius.gameserver.model.residences.ClanHall	Failed loading clan hall
2026.07.09 14:12:03,783	WARNING	1	org.l2jmobius.gameserver.model.residences.AbstractResidence	Failed to initialize functions for residence: 48
2026.07.09 14:12:03,784	INFO	1	org.l2jmobius.gameserver.model.residences.ClanHall	Failed loading clan hall
2026.07.09 14:12:03,785	WARNING	1	org.l2jmobius.gameserver.model.residences.AbstractResidence	Failed to initialize functions for residence: 50
2026.07.09 14:12:03,785	INFO	1	org.l2jmobius.gameserver.model.residences.ClanHall	Failed loading clan hall
2026.07.09 14:12:03,786	WARNING	1	org.l2jmobius.gameserver.model.residences.AbstractResidence	Failed to initialize functions for residence: 47
2026.07.09 14:12:03,787	INFO	1	org.l2jmobius.gameserver.model.residences.ClanHall	Failed loading clan hall
2026.07.09 14:12:03,787	WARNING	1	org.l2jmobius.gameserver.model.residences.AbstractResidence	Failed to initialize functions for residence: 30
2026.07.09 14:12:03,788	INFO	1	org.l2jmobius.gameserver.model.residences.ClanHall	Failed loading clan hall
2026.07.09 14:12:03,789	WARNING	1	org.l2jmobius.gameserver.model.residences.AbstractResidence	Failed to initialize functions for residence: 26
2026.07.09 14:12:03,789	INFO	1	org.l2jmobius.gameserver.model.residences.ClanHall	Failed loading clan hall
2026.07.09 14:12:03,790	WARNING	1	org.l2jmobius.gameserver.model.residences.AbstractResidence	Failed to initialize functions for residence: 27
2026.07.09 14:12:03,790	INFO	1	org.l2jmobius.gameserver.model.residences.ClanHall	Failed loading clan hall
2026.07.09 14:12:03,791	WARNING	1	org.l2jmobius.gameserver.model.residences.AbstractResidence	Failed to initialize functions for residence: 28
2026.07.09 14:12:03,792	INFO	1	org.l2jmobius.gameserver.model.residences.ClanHall	Failed loading clan hall
2026.07.09 14:12:03,792	WARNING	1	org.l2jmobius.gameserver.model.residences.AbstractResidence	Failed to initialize functions for residence: 29
2026.07.09 14:12:03,793	INFO	1	org.l2jmobius.gameserver.model.residences.ClanHall	Failed loading clan hall
2026.07.09 14:12:03,793	WARNING	1	org.l2jmobius.gameserver.model.residences.AbstractResidence	Failed to initialize functions for residence: 73
2026.07.09 14:12:03,795	INFO	1	org.l2jmobius.gameserver.model.residences.ClanHall	Failed loading clan hall
2026.07.09 14:12:03,796	WARNING	1	org.l2jmobius.gameserver.model.residences.AbstractResidence	Failed to initialize functions for residence: 74
2026.07.09 14:12:03,796	INFO	1	org.l2jmobius.gameserver.data.xml.ClanHallData	ClanHallData: Succesfully loaded 48 clan halls.
2026.07.09 14:12:03,797	INFO	1	org.l2jmobius.gameserver.instancemanager.ClanHallAuctionManager	ClanHallAuctionManager: Clan Hall Auction has started!
2026.07.09 14:12:03,798	WARNING	1	org.l2jmobius.gameserver.model.residences.ClanHallAuction	Failed loading clan hall auctions bidder for clan hall 22.
2026.07.09 14:12:03,799	WARNING	1	org.l2jmobius.gameserver.model.residences.ClanHallAuction	Failed loading clan hall auctions bidder for clan hall 23.
2026.07.09 14:12:03,799	WARNING	1	org.l2jmobius.gameserver.model.residences.ClanHallAuction	Failed loading clan hall auctions bidder for clan hall 24.
2026.07.09 14:12:03,800	WARNING	1	org.l2jmobius.gameserver.model.residences.ClanHallAuction	Failed loading clan hall auctions bidder for clan hall 25.
2026.07.09 14:12:03,800	WARNING	1	org.l2jmobius.gameserver.model.residences.ClanHallAuction	Failed loading clan hall auctions bidder for clan hall 26.
2026.07.09 14:12:03,801	WARNING	1	org.l2jmobius.gameserver.model.residences.ClanHallAuction	Failed loading clan hall auctions bidder for clan hall 27.
2026.07.09 14:12:03,801	WARNING	1	org.l2jmobius.gameserver.model.residences.ClanHallAuction	Failed loading clan hall auctions bidder for clan hall 28.
2026.07.09 14:12:03,802	WARNING	1	org.l2jmobius.gameserver.model.residences.ClanHallAuction	Failed loading clan hall auctions bidder for clan hall 29.
2026.07.09 14:12:03,803	WARNING	1	org.l2jmobius.gameserver.model.residences.ClanHallAuction	Failed loading clan hall auctions bidder for clan hall 30.
2026.07.09 14:12:03,803	WARNING	1	org.l2jmobius.gameserver.model.residences.ClanHallAuction	Failed loading clan hall auctions bidder for clan hall 31.
2026.07.09 14:12:03,804	WARNING	1	org.l2jmobius.gameserver.model.residences.ClanHallAuction	Failed loading clan hall auctions bidder for clan hall 32.
2026.07.09 14:12:03,805	WARNING	1	org.l2jmobius.gameserver.model.residences.ClanHallAuction	Failed loading clan hall auctions bidder for clan hall 33.
2026.07.09 14:12:03,805	WARNING	1	org.l2jmobius.gameserver.model.residences.ClanHallAuction	Failed loading clan hall auctions bidder for clan hall 36.
2026.07.09 14:12:03,806	WARNING	1	org.l2jmobius.gameserver.model.residences.ClanHallAuction	Failed loading clan hall auctions bidder for clan hall 37.
2026.07.09 14:12:03,806	WARNING	1	org.l2jmobius.gameserver.model.residences.ClanHallAuction	Failed loading clan hall auctions bidder for clan hall 38.
2026.07.09 14:12:03,807	WARNING	1	org.l2jmobius.gameserver.model.residences.ClanHallAuction	Failed loading clan hall auctions bidder for clan hall 39.
2026.07.09 14:12:03,807	WARNING	1	org.l2jmobius.gameserver.model.residences.ClanHallAuction	Failed loading clan hall auctions bidder for clan hall 40.
2026.07.09 14:12:03,808	WARNING	1	org.l2jmobius.gameserver.model.residences.ClanHallAuction	Failed loading clan hall auctions bidder for clan hall 41.
2026.07.09 14:12:03,808	WARNING	1	org.l2jmobius.gameserver.model.residences.ClanHallAuction	Failed loading clan hall auctions bidder for clan hall 42.
2026.07.09 14:12:03,809	WARNING	1	org.l2jmobius.gameserver.model.residences.ClanHallAuction	Failed loading clan hall auctions bidder for clan hall 43.
2026.07.09 14:12:03,809	WARNING	1	org.l2jmobius.gameserver.model.residences.ClanHallAuction	Failed loading clan hall auctions bidder for clan hall 44.
2026.07.09 14:12:03,810	WARNING	1	org.l2jmobius.gameserver.model.residences.ClanHallAuction	Failed loading clan hall auctions bidder for clan hall 45.
2026.07.09 14:12:03,810	WARNING	1	org.l2jmobius.gameserver.model.residences.ClanHallAuction	Failed loading clan hall auctions bidder for clan hall 46.
2026.07.09 14:12:03,811	WARNING	1	org.l2jmobius.gameserver.model.residences.ClanHallAuction	Failed loading clan hall auctions bidder for clan hall 47.
2026.07.09 14:12:03,811	WARNING	1	org.l2jmobius.gameserver.model.residences.ClanHallAuction	Failed loading clan hall auctions bidder for clan hall 48.
2026.07.09 14:12:03,812	WARNING	1	org.l2jmobius.gameserver.model.residences.ClanHallAuction	Failed loading clan hall auctions bidder for clan hall 49.
2026.07.09 14:12:03,813	WARNING	1	org.l2jmobius.gameserver.model.residences.ClanHallAuction	Failed loading clan hall auctions bidder for clan hall 50.
2026.07.09 14:12:03,813	WARNING	1	org.l2jmobius.gameserver.model.residences.ClanHallAuction	Failed loading clan hall auctions bidder for clan hall 51.
2026.07.09 14:12:03,814	WARNING	1	org.l2jmobius.gameserver.model.residences.ClanHallAuction	Failed loading clan hall auctions bidder for clan hall 52.
2026.07.09 14:12:03,814	WARNING	1	org.l2jmobius.gameserver.model.residences.ClanHallAuction	Failed loading clan hall auctions bidder for clan hall 53.
2026.07.09 14:12:03,815	WARNING	1	org.l2jmobius.gameserver.model.residences.ClanHallAuction	Failed loading clan hall auctions bidder for clan hall 54.
2026.07.09 14:12:03,816	WARNING	1	org.l2jmobius.gameserver.model.residences.ClanHallAuction	Failed loading clan hall auctions bidder for clan hall 55.
2026.07.09 14:12:03,816	WARNING	1	org.l2jmobius.gameserver.model.residences.ClanHallAuction	Failed loading clan hall auctions bidder for clan hall 56.
2026.07.09 14:12:03,817	WARNING	1	org.l2jmobius.gameserver.model.residences.ClanHallAuction	Failed loading clan hall auctions bidder for clan hall 57.
2026.07.09 14:12:03,817	WARNING	1	org.l2jmobius.gameserver.model.residences.ClanHallAuction	Failed loading clan hall auctions bidder for clan hall 58.
2026.07.09 14:12:03,818	WARNING	1	org.l2jmobius.gameserver.model.residences.ClanHallAuction	Failed loading clan hall auctions bidder for clan hall 59.
2026.07.09 14:12:03,818	WARNING	1	org.l2jmobius.gameserver.model.residences.ClanHallAuction	Failed loading clan hall auctions bidder for clan hall 60.
2026.07.09 14:12:03,819	WARNING	1	org.l2jmobius.gameserver.model.residences.ClanHallAuction	Failed loading clan hall auctions bidder for clan hall 61.
2026.07.09 14:12:03,819	WARNING	1	org.l2jmobius.gameserver.model.residences.ClanHallAuction	Failed loading clan hall auctions bidder for clan hall 65.
2026.07.09 14:12:03,819	WARNING	1	org.l2jmobius.gameserver.model.residences.ClanHallAuction	Failed loading clan hall auctions bidder for clan hall 66.
2026.07.09 14:12:03,820	WARNING	1	org.l2jmobius.gameserver.model.residences.ClanHallAuction	Failed loading clan hall auctions bidder for clan hall 67.
2026.07.09 14:12:03,820	WARNING	1	org.l2jmobius.gameserver.model.residences.ClanHallAuction	Failed loading clan hall auctions bidder for clan hall 68.
2026.07.09 14:12:03,821	WARNING	1	org.l2jmobius.gameserver.model.residences.ClanHallAuction	Failed loading clan hall auctions bidder for clan hall 69.
2026.07.09 14:12:03,821	WARNING	1	org.l2jmobius.gameserver.model.residences.ClanHallAuction	Failed loading clan hall auctions bidder for clan hall 70.
2026.07.09 14:12:03,821	WARNING	1	org.l2jmobius.gameserver.model.residences.ClanHallAuction	Failed loading clan hall auctions bidder for clan hall 71.
2026.07.09 14:12:03,822	WARNING	1	org.l2jmobius.gameserver.model.residences.ClanHallAuction	Failed loading clan hall auctions bidder for clan hall 72.
2026.07.09 14:12:03,822	WARNING	1	org.l2jmobius.gameserver.model.residences.ClanHallAuction	Failed loading clan hall auctions bidder for clan hall 73.
2026.07.09 14:12:03,823	WARNING	1	org.l2jmobius.gameserver.model.residences.ClanHallAuction	Failed loading clan hall auctions bidder for clan hall 74.
2026.07.09 14:12:03,825	WARNING	1	org.l2jmobius.gameserver.instancemanager.ClanEntryManager	ClanEntryManager: Failed to load: 
2026.07.09 14:12:03,826	WARNING	1	org.l2jmobius.gameserver.instancemanager.ClanEntryManager	ClanEntryManager: Failed to load: 
2026.07.09 14:12:03,826	WARNING	1	org.l2jmobius.gameserver.instancemanager.ClanEntryManager	ClanEntryManager: Failed to load: 
2026.07.09 14:12:03,826	INFO	1	org.l2jmobius.gameserver.GameServer	-------------------------------------------------=[ Geodata ]
2026.07.09 14:12:06,186	INFO	1	org.l2jmobius.gameserver.geoengine.GeoEngine	GeoEngine: Loaded 227 regions.
2026.07.09 14:12:06,186	INFO	1	org.l2jmobius.gameserver.GameServer	----------------------------------------------------=[ NPCs ]
2026.07.09 14:12:07,061	INFO	1	org.l2jmobius.gameserver.data.xml.NpcData	NpcData: Loaded 14865 NPCs.
2026.07.09 14:12:07,065	INFO	1	org.l2jmobius.gameserver.data.xml.NpcData	NpcData: Loaded 14 custom NPCs.
2026.07.09 14:12:07,066	INFO	1	org.l2jmobius.gameserver.data.xml.FakePlayerData	FakePlayerData: Disabled.
2026.07.09 14:12:07,066	INFO	1	org.l2jmobius.gameserver.instancemanager.FakePlayerChatManager	FakePlayerChatManager: Disabled.
2026.07.09 14:12:07,208	INFO	1	org.l2jmobius.gameserver.data.xml.SpawnData	SpawnData: Loaded 27153 spawns
2026.07.09 14:12:09,370	INFO	1	org.l2jmobius.gameserver.instancemanager.WalkingManager	WalkingManager: Loaded 13 walking routes.
2026.07.09 14:12:09,373	WARNING	1	org.l2jmobius.commons.util.IXmlReader	Could not parse file: StaticObjects.xml
2026.07.09 14:12:09,373	INFO	1	org.l2jmobius.gameserver.data.xml.StaticObjectData	StaticObjectData: Loaded 0 static object templates.
2026.07.09 14:12:09,375	SEVERE	1	org.l2jmobius.gameserver.instancemanager.ItemAuctionManager	Failed loading auctions.
2026.07.09 14:12:09,375	INFO	1	org.l2jmobius.gameserver.instancemanager.ItemAuctionManager	ItemAuctionManager: Loaded 0 instances.
2026.07.09 14:12:09,376	WARNING	1	org.l2jmobius.gameserver.instancemanager.CastleManager	CastleManager: Exception: loadCastleData():
2026.07.09 14:12:09,379	WARNING	1	org.l2jmobius.gameserver.data.SchemeBufferTable	SchemeBufferTable: Failed to load buff schemes: org.sqlite.SQLiteException: [SQLITE_ERROR] SQL error or missing database (no such table: buffer_schemes)
2026.07.09 14:12:09,380	INFO	1	org.l2jmobius.gameserver.data.SchemeBufferTable	SchemeBufferTable: Loaded 0 players schemes and 74 available buffs.
2026.07.09 14:12:09,380	WARNING	1	org.l2jmobius.gameserver.instancemanager.GrandBossManager	GrandBossManager: Could not load grandboss_data table: [SQLITE_ERROR] SQL error or missing database (no such table: grandboss_data)
2026.07.09 14:12:09,381	INFO	1	org.l2jmobius.gameserver.GameServer	------------------------------------------------=[ Instance ]
2026.07.09 14:12:09,383	INFO	1	org.l2jmobius.gameserver.instancemanager.InstanceManager	InstanceManager: Loaded 267 instance names.
2026.07.09 14:12:09,386	WARNING	1	org.l2jmobius.gameserver.instancemanager.InstanceManager	InstanceManager: Cannot find template for door: 17100001, instance: Olympiad (148)
2026.07.09 14:12:09,386	WARNING	1	org.l2jmobius.gameserver.instancemanager.InstanceManager	InstanceManager: Cannot initialize template for door: 17100001, instance: Olympiad (148)
2026.07.09 14:12:09,386	WARNING	1	org.l2jmobius.gameserver.instancemanager.InstanceManager	InstanceManager: Cannot find template for door: 17100002, instance: Olympiad (148)
2026.07.09 14:12:09,386	WARNING	1	org.l2jmobius.gameserver.instancemanager.InstanceManager	InstanceManager: Cannot initialize template for door: 17100002, instance: Olympiad (148)
2026.07.09 14:12:09,387	WARNING	1	org.l2jmobius.gameserver.instancemanager.InstanceManager	InstanceManager: Cannot find template for door: 17100001, instance: Olympiad (147)
2026.07.09 14:12:09,387	WARNING	1	org.l2jmobius.gameserver.instancemanager.InstanceManager	InstanceManager: Cannot initialize template for door: 17100001, instance: Olympiad (147)
2026.07.09 14:12:09,387	WARNING	1	org.l2jmobius.gameserver.instancemanager.InstanceManager	InstanceManager: Cannot find template for door: 17100002, instance: Olympiad (147)
2026.07.09 14:12:09,387	WARNING	1	org.l2jmobius.gameserver.instancemanager.InstanceManager	InstanceManager: Cannot initialize template for door: 17100002, instance: Olympiad (147)
2026.07.09 14:12:09,388	WARNING	1	org.l2jmobius.gameserver.instancemanager.InstanceManager	InstanceManager: Cannot find template for door: 17100001, instance: Olympiad (150)
2026.07.09 14:12:09,388	WARNING	1	org.l2jmobius.gameserver.instancemanager.InstanceManager	InstanceManager: Cannot initialize template for door: 17100001, instance: Olympiad (150)
2026.07.09 14:12:09,388	WARNING	1	org.l2jmobius.gameserver.instancemanager.InstanceManager	InstanceManager: Cannot find template for door: 17100002, instance: Olympiad (150)
2026.07.09 14:12:09,388	WARNING	1	org.l2jmobius.gameserver.instancemanager.InstanceManager	InstanceManager: Cannot initialize template for door: 17100002, instance: Olympiad (150)
2026.07.09 14:12:09,388	WARNING	1	org.l2jmobius.gameserver.instancemanager.InstanceManager	InstanceManager: Cannot find template for door: 17100001, instance: Olympiad (149)
2026.07.09 14:12:09,388	WARNING	1	org.l2jmobius.gameserver.instancemanager.InstanceManager	InstanceManager: Cannot initialize template for door: 17100001, instance: Olympiad (149)
2026.07.09 14:12:09,388	WARNING	1	org.l2jmobius.gameserver.instancemanager.InstanceManager	InstanceManager: Cannot find template for door: 17100002, instance: Olympiad (149)
2026.07.09 14:12:09,388	WARNING	1	org.l2jmobius.gameserver.instancemanager.InstanceManager	InstanceManager: Cannot initialize template for door: 17100002, instance: Olympiad (149)
2026.07.09 14:12:09,392	WARNING	1	org.l2jmobius.gameserver.instancemanager.InstanceManager	InstanceManager: Cannot find template for door: 17130045, instance: Last Imperial Tomb (136)
2026.07.09 14:12:09,392	WARNING	1	org.l2jmobius.gameserver.instancemanager.InstanceManager	InstanceManager: Cannot initialize template for door: 17130045, instance: Last Imperial Tomb (136)
2026.07.09 14:12:09,392	WARNING	1	org.l2jmobius.gameserver.instancemanager.InstanceManager	InstanceManager: Cannot find template for door: 17130051, instance: Last Imperial Tomb (136)
2026.07.09 14:12:09,392	WARNING	1	org.l2jmobius.gameserver.instancemanager.InstanceManager	InstanceManager: Cannot initialize template for door: 17130051, instance: Last Imperial Tomb (136)
2026.07.09 14:12:09,392	WARNING	1	org.l2jmobius.gameserver.instancemanager.InstanceManager	InstanceManager: Cannot find template for door: 17130046, instance: Last Imperial Tomb (136)
2026.07.09 14:12:09,392	WARNING	1	org.l2jmobius.gameserver.instancemanager.InstanceManager	InstanceManager: Cannot initialize template for door: 17130046, instance: Last Imperial Tomb (136)
2026.07.09 14:12:09,392	WARNING	1	org.l2jmobius.gameserver.instancemanager.InstanceManager	InstanceManager: Cannot find template for door: 17130043, instance: Last Imperial Tomb (136)
2026.07.09 14:12:09,392	WARNING	1	org.l2jmobius.gameserver.instancemanager.InstanceManager	InstanceManager: Cannot initialize template for door: 17130043, instance: Last Imperial Tomb (136)
2026.07.09 14:12:09,392	WARNING	1	org.l2jmobius.gameserver.instancemanager.InstanceManager	InstanceManager: Cannot find template for door: 17130042, instance: Last Imperial Tomb (136)
2026.07.09 14:12:09,392	WARNING	1	org.l2jmobius.gameserver.instancemanager.InstanceManager	InstanceManager: Cannot initialize template for door: 17130042, instance: Last Imperial Tomb (136)
2026.07.09 14:12:09,392	WARNING	1	org.l2jmobius.gameserver.instancemanager.InstanceManager	InstanceManager: Cannot find template for door: 17130052, instance: Last Imperial Tomb (136)
2026.07.09 14:12:09,392	WARNING	1	org.l2jmobius.gameserver.instancemanager.InstanceManager	InstanceManager: Cannot initialize template for door: 17130052, instance: Last Imperial Tomb (136)
2026.07.09 14:12:09,393	WARNING	1	org.l2jmobius.gameserver.instancemanager.InstanceManager	InstanceManager: Cannot find template for door: 17130053, instance: Last Imperial Tomb (136)
2026.07.09 14:12:09,393	WARNING	1	org.l2jmobius.gameserver.instancemanager.InstanceManager	InstanceManager: Cannot initialize template for door: 17130053, instance: Last Imperial Tomb (136)
2026.07.09 14:12:09,393	WARNING	1	org.l2jmobius.gameserver.instancemanager.InstanceManager	InstanceManager: Cannot find template for door: 17130054, instance: Last Imperial Tomb (136)
2026.07.09 14:12:09,393	WARNING	1	org.l2jmobius.gameserver.instancemanager.InstanceManager	InstanceManager: Cannot initialize template for door: 17130054, instance: Last Imperial Tomb (136)
2026.07.09 14:12:09,393	WARNING	1	org.l2jmobius.gameserver.instancemanager.InstanceManager	InstanceManager: Cannot find template for door: 17130055, instance: Last Imperial Tomb (136)
2026.07.09 14:12:09,393	WARNING	1	org.l2jmobius.gameserver.instancemanager.InstanceManager	InstanceManager: Cannot initialize template for door: 17130055, instance: Last Imperial Tomb (136)
2026.07.09 14:12:09,393	WARNING	1	org.l2jmobius.gameserver.instancemanager.InstanceManager	InstanceManager: Cannot find template for door: 17130056, instance: Last Imperial Tomb (136)
2026.07.09 14:12:09,393	WARNING	1	org.l2jmobius.gameserver.instancemanager.InstanceManager	InstanceManager: Cannot initialize template for door: 17130056, instance: Last Imperial Tomb (136)
2026.07.09 14:12:09,393	WARNING	1	org.l2jmobius.gameserver.instancemanager.InstanceManager	InstanceManager: Cannot find template for door: 17130057, instance: Last Imperial Tomb (136)
2026.07.09 14:12:09,393	WARNING	1	org.l2jmobius.gameserver.instancemanager.InstanceManager	InstanceManager: Cannot initialize template for door: 17130057, instance: Last Imperial Tomb (136)
2026.07.09 14:12:09,393	WARNING	1	org.l2jmobius.gameserver.instancemanager.InstanceManager	InstanceManager: Cannot find template for door: 17130058, instance: Last Imperial Tomb (136)
2026.07.09 14:12:09,393	WARNING	1	org.l2jmobius.gameserver.instancemanager.InstanceManager	InstanceManager: Cannot initialize template for door: 17130058, instance: Last Imperial Tomb (136)
2026.07.09 14:12:09,393	WARNING	1	org.l2jmobius.gameserver.instancemanager.InstanceManager	InstanceManager: Cannot find template for door: 17130061, instance: Last Imperial Tomb (136)
2026.07.09 14:12:09,393	WARNING	1	org.l2jmobius.gameserver.instancemanager.InstanceManager	InstanceManager: Cannot initialize template for door: 17130061, instance: Last Imperial Tomb (136)
2026.07.09 14:12:09,393	WARNING	1	org.l2jmobius.gameserver.instancemanager.InstanceManager	InstanceManager: Cannot find template for door: 17130062, instance: Last Imperial Tomb (136)
2026.07.09 14:12:09,393	WARNING	1	org.l2jmobius.gameserver.instancemanager.InstanceManager	InstanceManager: Cannot initialize template for door: 17130062, instance: Last Imperial Tomb (136)
2026.07.09 14:12:09,393	WARNING	1	org.l2jmobius.gameserver.instancemanager.InstanceManager	InstanceManager: Cannot find template for door: 17130063, instance: Last Imperial Tomb (136)
2026.07.09 14:12:09,393	WARNING	1	org.l2jmobius.gameserver.instancemanager.InstanceManager	InstanceManager: Cannot initialize template for door: 17130063, instance: Last Imperial Tomb (136)
2026.07.09 14:12:09,393	WARNING	1	org.l2jmobius.gameserver.instancemanager.InstanceManager	InstanceManager: Cannot find template for door: 17130064, instance: Last Imperial Tomb (136)
2026.07.09 14:12:09,393	WARNING	1	org.l2jmobius.gameserver.instancemanager.InstanceManager	InstanceManager: Cannot initialize template for door: 17130064, instance: Last Imperial Tomb (136)
2026.07.09 14:12:09,393	WARNING	1	org.l2jmobius.gameserver.instancemanager.InstanceManager	InstanceManager: Cannot find template for door: 17130065, instance: Last Imperial Tomb (136)
2026.07.09 14:12:09,393	WARNING	1	org.l2jmobius.gameserver.instancemanager.InstanceManager	InstanceManager: Cannot initialize template for door: 17130065, instance: Last Imperial Tomb (136)
2026.07.09 14:12:09,393	WARNING	1	org.l2jmobius.gameserver.instancemanager.InstanceManager	InstanceManager: Cannot find template for door: 17130066, instance: Last Imperial Tomb (136)
2026.07.09 14:12:09,393	WARNING	1	org.l2jmobius.gameserver.instancemanager.InstanceManager	InstanceManager: Cannot initialize template for door: 17130066, instance: Last Imperial Tomb (136)
2026.07.09 14:12:09,393	WARNING	1	org.l2jmobius.gameserver.instancemanager.InstanceManager	InstanceManager: Cannot find template for door: 17130067, instance: Last Imperial Tomb (136)
2026.07.09 14:12:09,393	WARNING	1	org.l2jmobius.gameserver.instancemanager.InstanceManager	InstanceManager: Cannot initialize template for door: 17130067, instance: Last Imperial Tomb (136)
2026.07.09 14:12:09,393	WARNING	1	org.l2jmobius.gameserver.instancemanager.InstanceManager	InstanceManager: Cannot find template for door: 17130068, instance: Last Imperial Tomb (136)
2026.07.09 14:12:09,393	WARNING	1	org.l2jmobius.gameserver.instancemanager.InstanceManager	InstanceManager: Cannot initialize template for door: 17130068, instance: Last Imperial Tomb (136)
2026.07.09 14:12:09,393	WARNING	1	org.l2jmobius.gameserver.instancemanager.InstanceManager	InstanceManager: Cannot find template for door: 17130069, instance: Last Imperial Tomb (136)
2026.07.09 14:12:09,393	WARNING	1	org.l2jmobius.gameserver.instancemanager.InstanceManager	InstanceManager: Cannot initialize template for door: 17130069, instance: Last Imperial Tomb (136)
2026.07.09 14:12:09,393	WARNING	1	org.l2jmobius.gameserver.instancemanager.InstanceManager	InstanceManager: Cannot find template for door: 17130070, instance: Last Imperial Tomb (136)
2026.07.09 14:12:09,393	WARNING	1	org.l2jmobius.gameserver.instancemanager.InstanceManager	InstanceManager: Cannot initialize template for door: 17130070, instance: Last Imperial Tomb (136)
2026.07.09 14:12:09,395	WARNING	1	org.l2jmobius.gameserver.instancemanager.InstanceManager	InstanceManager: Cannot find template for door: 24190001, instance: coliseum (3049)
2026.07.09 14:12:09,395	WARNING	1	org.l2jmobius.gameserver.instancemanager.InstanceManager	InstanceManager: Cannot initialize template for door: 24190001, instance: coliseum (3049)
2026.07.09 14:12:09,395	WARNING	1	org.l2jmobius.gameserver.instancemanager.InstanceManager	InstanceManager: Cannot find template for door: 24190002, instance: coliseum (3049)
2026.07.09 14:12:09,395	WARNING	1	org.l2jmobius.gameserver.instancemanager.InstanceManager	InstanceManager: Cannot initialize template for door: 24190002, instance: coliseum (3049)
2026.07.09 14:12:09,395	WARNING	1	org.l2jmobius.gameserver.instancemanager.InstanceManager	InstanceManager: Cannot find template for door: 24190003, instance: coliseum (3049)
2026.07.09 14:12:09,395	WARNING	1	org.l2jmobius.gameserver.instancemanager.InstanceManager	InstanceManager: Cannot initialize template for door: 24190003, instance: coliseum (3049)
2026.07.09 14:12:09,395	WARNING	1	org.l2jmobius.gameserver.instancemanager.InstanceManager	InstanceManager: Cannot find template for door: 24190004, instance: coliseum (3049)
2026.07.09 14:12:09,395	WARNING	1	org.l2jmobius.gameserver.instancemanager.InstanceManager	InstanceManager: Cannot initialize template for door: 24190004, instance: coliseum (3049)
2026.07.09 14:12:09,395	INFO	1	org.l2jmobius.gameserver.instancemanager.InstanceManager	InstanceManager: Loaded 6 instance templates.
2026.07.09 14:12:09,396	WARNING	1	org.l2jmobius.gameserver.instancemanager.InstanceManager	InstanceManager: Cannot restore players instance reenter data: 
2026.07.09 14:12:09,396	INFO	1	org.l2jmobius.gameserver.instancemanager.InstanceManager	InstanceManager: Loaded instance reenter times for 0 players.
2026.07.09 14:12:09,396	INFO	1	org.l2jmobius.gameserver.GameServer	------------------------------------------------=[ Olympiad ]
2026.07.09 14:12:09,398	WARNING	1	org.l2jmobius.gameserver.model.olympiad.Olympiad	Olympiad System: Error loading olympiad data from database: 
2026.07.09 14:12:09,399	WARNING	1	org.l2jmobius.gameserver.model.olympiad.Olympiad	Olympiad System: Error loading noblesse data from database: 
2026.07.09 14:12:09,399	INFO	1	org.l2jmobius.gameserver.model.olympiad.Olympiad	Olympiad System: Loading....
2026.07.09 14:12:09,399	INFO	1	org.l2jmobius.gameserver.model.olympiad.Olympiad	Olympiad System: Currently in Olympiad Period
2026.07.09 14:12:09,399	INFO	1	org.l2jmobius.gameserver.model.olympiad.Olympiad	Olympiad System: 12 days, 21 hours and 47 mins until period ends.
2026.07.09 14:12:09,399	INFO	1	org.l2jmobius.gameserver.model.olympiad.Olympiad	Olympiad System: Next weekly change is in 6 days, 23 hours and 9 mins.
2026.07.09 14:12:09,400	INFO	1	org.l2jmobius.gameserver.model.olympiad.Olympiad	Olympiad System: Loaded 0 Nobles
2026.07.09 14:12:09,401	INFO	1	org.l2jmobius.gameserver.model.olympiad.Olympiad	Olympiad System: Competition Period Starts in 2 days, 3 hours and 47 mins.
2026.07.09 14:12:09,401	INFO	1	org.l2jmobius.gameserver.model.olympiad.Olympiad	Olympiad System: Event starts/started: Sat Jul 11 18:00:09 CEST 2026
2026.07.09 14:12:09,402	WARNING	1	org.l2jmobius.gameserver.model.olympiad.Hero	Hero System: Couldnt load Heroes: [SQLITE_ERROR] SQL error or missing database (no such table: heroes)
2026.07.09 14:12:09,402	INFO	1	org.l2jmobius.gameserver.model.olympiad.Hero	Hero System: Loaded 0 Heroes.
2026.07.09 14:12:09,402	INFO	1	org.l2jmobius.gameserver.model.olympiad.Hero	Hero System: Loaded 0 all time Heroes.
2026.07.09 14:12:09,402	INFO	1	org.l2jmobius.gameserver.GameServer	---------------------------------------------------=[ Cache ]
2026.07.09 14:12:09,403	INFO	1	org.l2jmobius.gameserver.cache.HtmCache	Cache[HTML]: Running lazy cache.
2026.07.09 14:12:09,403	WARNING	1	org.l2jmobius.gameserver.data.sql.CrestTable	There was an error while loading crests from database:
2026.07.09 14:12:09,403	INFO	1	org.l2jmobius.gameserver.data.sql.CrestTable	CrestTable: Loaded 0 Crests.
2026.07.09 14:12:09,446	INFO	1	org.l2jmobius.gameserver.data.xml.TeleporterData	TeleporterData: Loaded 145 npc teleporters.
2026.07.09 14:12:09,448	WARNING	1	org.l2jmobius.gameserver.instancemanager.CursedWeaponsManager	CursedWeaponsManager: Could not restore CursedWeapons data: 
2026.07.09 14:12:09,449	WARNING	1	org.l2jmobius.gameserver.instancemanager.CursedWeaponsManager	Could not check CursedWeapons data: 
2026.07.09 14:12:09,449	INFO	1	org.l2jmobius.gameserver.instancemanager.CursedWeaponsManager	CursedWeaponsManager: Loaded 2 cursed weapons.
2026.07.09 14:12:09,597	INFO	1	org.l2jmobius.gameserver.data.xml.TransformData	TransformData: Loaded 174 transform templates.
2026.07.09 14:12:09,599	WARNING	1	org.l2jmobius.gameserver.data.BotReportTable	BotReportTable: Could not load reported char data!
2026.07.09 14:12:09,601	INFO	1	org.l2jmobius.gameserver.instancemanager.SellBuffsManager	SellBuffsManager: Loaded 149 allowed buffs.
2026.07.09 14:12:09,601	INFO	1	org.l2jmobius.gameserver.GameServer	-------------------------------------------------=[ Scripts ]
2026.07.09 14:12:09,603	WARNING	1	org.l2jmobius.gameserver.instancemanager.AirShipManager	AirShipManager: Could not load airships table: 
2026.07.09 14:12:09,604	INFO	1	org.l2jmobius.gameserver.instancemanager.AirShipManager	AirShipManager: Loaded 0 private airships
