2026.07.09 14:15:24,340	INFO	1	org.l2jmobius.commons.util.IXmlReader	Network Config: ipconfig.xml doesn't exist using automatic configuration...
2026.07.09 14:15:24,690	INFO	1	org.l2jmobius.commons.util.IXmlReader	Network Config: Adding new subnet: 10.37.129.0/24 address: 10.37.129.2
2026.07.09 14:15:24,691	INFO	1	org.l2jmobius.commons.util.IXmlReader	Network Config: Adding new subnet: 10.211.55.0/24 address: 10.211.55.2
2026.07.09 14:15:24,691	INFO	1	org.l2jmobius.commons.util.IXmlReader	Network Config: Adding new subnet: 192.168.1.0/24 address: 192.168.1.17
2026.07.09 14:15:24,691	INFO	1	org.l2jmobius.commons.util.IXmlReader	Network Config: Adding new subnet: 127.0.0.0/8 address: 127.0.0.1
2026.07.09 14:15:24,691	INFO	1	org.l2jmobius.commons.util.IXmlReader	Network Config: Adding new subnet: 0.0.0.0/0 address: 95.19.225.52
2026.07.09 14:15:24,704	INFO	1	org.l2jmobius.Config	Loaded 6 Filter Words.
2026.07.09 14:15:24,764	INFO	1	org.l2jmobius.Config	Loaded 428 allowed community board teleports.
2026.07.09 14:15:24,772	INFO	1	org.l2jmobius.gameserver.GameServer	------------------------------------------------=[ Database ]
2026.07.09 14:15:24,963	INFO	1	org.l2jmobius.commons.database.DatabaseFactory	Database: Initialized.
2026.07.09 14:15:24,968	INFO	1	org.l2jmobius.commons.database.queries.SqlQueryManager	SqlQueryManager: Loaded 48 game queries for dialect SQLITE.
2026.07.09 14:15:24,968	INFO	1	org.l2jmobius.gameserver.GameServer	----------------------------------------------=[ ThreadPool ]
2026.07.09 14:15:24,969	INFO	1	org.l2jmobius.commons.threads.ThreadPool	ThreadPool: Initialized
2026.07.09 14:15:24,969	INFO	1	org.l2jmobius.commons.threads.ThreadPool	...scheduled pool executor with 16 high priority threads.
2026.07.09 14:15:24,972	INFO	1	org.l2jmobius.commons.threads.ThreadPool	...scheduled pool executor with 64 total threads.
2026.07.09 14:15:24,972	INFO	1	org.l2jmobius.commons.threads.ThreadPool	...instant pool executor with 32 total threads.
2026.07.09 14:15:24,973	INFO	1	org.l2jmobius.gameserver.GameServer	-----------------------------------------------=[ IdManager ]
2026.07.09 14:15:24,975	INFO	1	org.l2jmobius.gameserver.instancemanager.IdManager	Updated characters online status.
2026.07.09 14:15:24,977	INFO	1	org.l2jmobius.gameserver.instancemanager.IdManager	IdManager: Cleaned 0 elements from database in 0 seconds.
2026.07.09 14:15:24,981	INFO	1	org.l2jmobius.gameserver.instancemanager.IdManager	IdManager: Cleaned 0 expired timestamps from database.
2026.07.09 14:15:24,983	INFO	1	org.l2jmobius.gameserver.instancemanager.IdManager	IdManager: 102912 id's available.
2026.07.09 14:15:24,983	INFO	1	org.l2jmobius.gameserver.GameServer	----------------------------------------=[ Scripting Engine ]
2026.07.09 14:15:25,055	INFO	1	org.l2jmobius.gameserver.scripting.ScriptEngineManager	Loaded 792 files to exclude.
2026.07.09 14:15:25,056	INFO	1	org.l2jmobius.gameserver.GameServer	---------------------------------------------------=[ World ]
2026.07.09 14:15:25,141	INFO	1	org.l2jmobius.gameserver.instancemanager.MapRegionManager	MapRegionManager: Loaded 57 map regions.
2026.07.09 14:15:25,144	INFO	1	org.l2jmobius.gameserver.instancemanager.ZoneManager	ZoneManager 19 by 18 Zone Region Grid set up.
2026.07.09 14:15:25,309	INFO	1	org.l2jmobius.gameserver.instancemanager.ZoneManager	ZoneManager: Loaded 32 zone classes and 2742 zones.
2026.07.09 14:15:25,311	INFO	1	org.l2jmobius.gameserver.instancemanager.ZoneManager	ZoneManager: Last static id 200224.
2026.07.09 14:15:25,400	INFO	1	org.l2jmobius.gameserver.data.xml.DoorData	DoorData: Loaded 1180 doors.
2026.07.09 14:15:25,403	INFO	1	FenceData	FenceData: Loaded 1 fences.
2026.07.09 14:15:25,409	INFO	1	org.l2jmobius.gameserver.instancemanager.GlobalVariablesManager	GlobalVariablesManager: Loaded 0 variables.
2026.07.09 14:15:25,409	INFO	1	org.l2jmobius.gameserver.GameServer	----------------------------------------------------=[ Data ]
2026.07.09 14:15:25,411	INFO	1	org.l2jmobius.gameserver.data.xml.ActionData	ActionData: Loaded 242 player actions.
2026.07.09 14:15:25,426	INFO	1	org.l2jmobius.gameserver.data.xml.CategoryData	CategoryData: Loaded 215 categories.
2026.07.09 14:15:25,428	INFO	1	org.l2jmobius.gameserver.data.xml.SecondaryAuthData	SecondaryAuthData: Loaded 328 forbidden passwords.
2026.07.09 14:15:25,439	WARNING	1	org.l2jmobius.gameserver.data.xml.ItemData	Dir /Users/artem/dev/l2/interlude_classic/dist/game/data/stats/items/custom does not exist.
2026.07.09 14:15:26,015	INFO	1	org.l2jmobius.gameserver.data.xml.ItemData	ItemData: Highest item id used: 90726
2026.07.09 14:15:26,020	INFO	1	org.l2jmobius.gameserver.data.xml.ItemData	ItemData: Loaded 21741 Etc Items
2026.07.09 14:15:26,020	INFO	1	org.l2jmobius.gameserver.data.xml.ItemData	ItemData: Loaded 11226 Armor Items
2026.07.09 14:15:26,020	INFO	1	org.l2jmobius.gameserver.data.xml.ItemData	ItemData: Loaded 8662 Weapon Items
2026.07.09 14:15:26,020	INFO	1	org.l2jmobius.gameserver.data.xml.ItemData	ItemData: Loaded 41629 Items in total.
2026.07.09 14:15:26,022	INFO	1	org.l2jmobius.gameserver.data.xml.CombinationItemsData	CombinationItemsData: Loaded 855 combinations.
2026.07.09 14:15:26,024	INFO	1	org.l2jmobius.gameserver.data.xml.SayuneData	SayuneData: Loaded 0 maps.
2026.07.09 14:15:26,029	INFO	1	org.l2jmobius.gameserver.data.xml.ClanRewardData	ClanRewardData: Loaded 4 rewards for members online.
2026.07.09 14:15:26,029	INFO	1	org.l2jmobius.gameserver.data.xml.ClanRewardData	ClanRewardData: Loaded 4 rewards for hunting monsters.
2026.07.09 14:15:26,232	INFO	1	handlers.DailyMissionMasterHandler	DailyMissionMasterHandler: Loaded 9 handlers.
2026.07.09 14:15:26,235	INFO	1	org.l2jmobius.gameserver.data.xml.DailyMissionData	DailyMissionData: Loaded 0 one day rewards.
2026.07.09 14:15:26,235	INFO	1	org.l2jmobius.gameserver.GameServer	--------------------------------------------------=[ Skills ]
2026.07.09 14:15:26,505	INFO	1	handlers.EffectMasterHandler	EffectMasterHandler: Loaded 365 effect handlers.
2026.07.09 14:15:26,509	INFO	1	org.l2jmobius.gameserver.data.xml.EnchantSkillGroupsData	EnchantSkillGroupsData: Loaded 30 enchant routes, max enchant set to 30.
2026.07.09 14:15:27,745	INFO	1	org.l2jmobius.gameserver.data.xml.SkillData	SkillData: Loaded 123350 Skills.
2026.07.09 14:15:27,840	INFO	1	org.l2jmobius.gameserver.data.xml.SkillTreeData	SkillTreeData: Loaded 13708 Class skills for 89 class skill trees.
2026.07.09 14:15:27,840	INFO	1	org.l2jmobius.gameserver.data.xml.SkillTreeData	SkillTreeData: Loaded 0 sub-class skills.
2026.07.09 14:15:27,840	INFO	1	org.l2jmobius.gameserver.data.xml.SkillTreeData	SkillTreeData: Loaded 0 dual-class skills.
2026.07.09 14:15:27,840	INFO	1	org.l2jmobius.gameserver.data.xml.SkillTreeData	SkillTreeData: Loaded 0 transfer skills for 0 transfer skill trees.
2026.07.09 14:15:27,840	INFO	1	org.l2jmobius.gameserver.data.xml.SkillTreeData	SkillTreeData: Loaded 0 race skills for 0 race skill trees.
2026.07.09 14:15:27,840	INFO	1	org.l2jmobius.gameserver.data.xml.SkillTreeData	SkillTreeData: Loaded 35 fishing skills, 8 Dwarven only fishing skills.
2026.07.09 14:15:27,840	INFO	1	org.l2jmobius.gameserver.data.xml.SkillTreeData	SkillTreeData: Loaded 0 collect skills.
2026.07.09 14:15:27,841	INFO	1	org.l2jmobius.gameserver.data.xml.SkillTreeData	SkillTreeData: Loaded 73 clan skills, 43 for clan and 30 residential.
2026.07.09 14:15:27,841	INFO	1	org.l2jmobius.gameserver.data.xml.SkillTreeData	SkillTreeData: Loaded 18 sub-pledge skills.
2026.07.09 14:15:27,841	INFO	1	org.l2jmobius.gameserver.data.xml.SkillTreeData	SkillTreeData: Loaded 32 transform skills.
2026.07.09 14:15:27,842	INFO	1	org.l2jmobius.gameserver.data.xml.SkillTreeData	SkillTreeData: Loaded 8 noble skills.
2026.07.09 14:15:27,842	INFO	1	org.l2jmobius.gameserver.data.xml.SkillTreeData	SkillTreeData: Loaded 5 hero skills.
2026.07.09 14:15:27,842	INFO	1	org.l2jmobius.gameserver.data.xml.SkillTreeData	SkillTreeData: Loaded 34 game master skills.
2026.07.09 14:15:27,842	INFO	1	org.l2jmobius.gameserver.data.xml.SkillTreeData	SkillTreeData: Loaded 1 game master aura skills.
2026.07.09 14:15:27,842	INFO	1	org.l2jmobius.gameserver.data.xml.SkillTreeData	SkillTreeData: Loaded 0 ability skills.
2026.07.09 14:15:27,842	INFO	1	org.l2jmobius.gameserver.data.xml.SkillTreeData	SkillTreeData: Loaded 0 alchemy skills.
2026.07.09 14:15:27,842	INFO	1	org.l2jmobius.gameserver.data.xml.SkillTreeData	SkillTreeData: Loaded 0 class awaken save skills.
2026.07.09 14:15:27,842	INFO	1	org.l2jmobius.gameserver.data.xml.SkillTreeData	SkillTreeData: Loaded 0 Revelation skills.
2026.07.09 14:15:27,842	INFO	1	org.l2jmobius.gameserver.data.xml.SkillTreeData	SkillTreeData: Loaded 16 common skills.
2026.07.09 14:15:27,846	INFO	1	org.l2jmobius.gameserver.data.xml.PetSkillData	PetSkillData: Loaded 1046 skills.
2026.07.09 14:15:27,846	INFO	1	org.l2jmobius.gameserver.GameServer	---------------------------------------------------=[ Items ]
2026.07.09 14:15:27,869	INFO	1	org.l2jmobius.gameserver.data.xml.EnchantItemGroupsData	EnchantItemGroupsData: Loaded 4 item group templates.
2026.07.09 14:15:27,869	INFO	1	org.l2jmobius.gameserver.data.xml.EnchantItemGroupsData	EnchantItemGroupsData: Loaded 1 scroll group templates.
2026.07.09 14:15:27,869	INFO	1	org.l2jmobius.gameserver.data.xml.EnchantItemGroupsData	EnchantItemGroupsData: Max weapon enchant is set to 30.
2026.07.09 14:15:27,869	INFO	1	org.l2jmobius.gameserver.data.xml.EnchantItemGroupsData	EnchantItemGroupsData: Max armor enchant is set to 30.
2026.07.09 14:15:27,869	INFO	1	org.l2jmobius.gameserver.data.xml.EnchantItemGroupsData	EnchantItemGroupsData: Max accessory enchant is set to 30.
2026.07.09 14:15:27,872	INFO	1	org.l2jmobius.gameserver.data.xml.EnchantItemData	EnchantItemData: Loaded 248 enchant scrolls.
2026.07.09 14:15:27,872	INFO	1	org.l2jmobius.gameserver.data.xml.EnchantItemData	EnchantItemData: Loaded 100 support items.
2026.07.09 14:15:28,109	INFO	1	org.l2jmobius.gameserver.data.xml.OptionData	OptionData: Loaded 34053 options.
2026.07.09 14:15:28,114	INFO	1	org.l2jmobius.gameserver.data.xml.EnchantItemOptionsData	EnchantItemOptionsData: Loaded 68 items and 1747 options.
2026.07.09 14:15:28,117	INFO	1	org.l2jmobius.commons.util.IXmlReader	ElementalAttributeData: Loaded 0 elemental attribute items.
2026.07.09 14:15:28,117	INFO	1	org.l2jmobius.gameserver.data.xml.ItemCrystallizationData	ItemCrystallizationData: Loaded 12 crystallization templates.
2026.07.09 14:15:28,118	INFO	1	org.l2jmobius.gameserver.data.xml.ItemCrystallizationData	ItemCrystallizationData: Loaded 0 pre-defined crystallizable items.
2026.07.09 14:15:28,122	INFO	1	org.l2jmobius.gameserver.data.xml.ItemCrystallizationData	ItemCrystallizationData: Generated 0 crystallizable items from templates.
2026.07.09 14:15:28,156	INFO	1	VariationData	VariationData: Loaded 120 variations.
2026.07.09 14:15:28,156	INFO	1	VariationData	VariationData: Loaded 4717 fees.
2026.07.09 14:15:28,157	INFO	1	org.l2jmobius.gameserver.data.xml.EnchantItemHPBonusData	EnchantItemHPBonusData: Loaded 11 enchant HP bonuses.
2026.07.09 14:15:28,240	INFO	1	org.l2jmobius.gameserver.data.xml.BuyListData	BuyListData: Loaded 481 buyLists.
2026.07.09 14:15:28,297	INFO	1	org.l2jmobius.gameserver.data.xml.MultisellData	MultisellData: Loaded 101 multisell lists.
2026.07.09 14:15:28,307	INFO	1	org.l2jmobius.gameserver.data.xml.RecipeData	RecipeData: Loaded 630 recipes.
2026.07.09 14:15:28,322	INFO	1	org.l2jmobius.gameserver.data.xml.ArmorSetData	ArmorSetData: Loaded 317 armor sets.
2026.07.09 14:15:28,324	INFO	1	org.l2jmobius.gameserver.data.xml.FishingData	FishingData: Loaded 3 bait and 13 rod data.
2026.07.09 14:15:28,337	INFO	1	org.l2jmobius.gameserver.data.xml.HennaData	HennaData: Loaded 372 henna data.
2026.07.09 14:15:28,338	INFO	1	org.l2jmobius.gameserver.data.xml.PrimeShopData	PrimeShopData: System is disabled.
2026.07.09 14:15:28,347	INFO	1	org.l2jmobius.gameserver.data.xml.AppearanceItemData	AppearanceItemData: Loaded 1217 stones.
2026.07.09 14:15:28,351	INFO	1	org.l2jmobius.commons.util.IXmlReader	LuckyGameData: Loaded 2 lucky game data.
2026.07.09 14:15:28,352	INFO	1	org.l2jmobius.gameserver.data.xml.AttendanceRewardData	AttendanceRewardData: Disabled.
2026.07.09 14:15:28,352	INFO	1	org.l2jmobius.gameserver.GameServer	----------------------------------------------=[ Characters ]
2026.07.09 14:15:28,353	INFO	1	org.l2jmobius.gameserver.data.xml.ClassListData	ClassListData: Loaded 153 class data.
2026.07.09 14:15:28,354	INFO	1	org.l2jmobius.gameserver.data.xml.InitialEquipmentData	InitialEquipmentData: Loaded 9 initial equipment data.
2026.07.09 14:15:28,357	INFO	1	org.l2jmobius.gameserver.data.xml.InitialShortcutData	InitialShortcutData: Loaded 5 initial global shortcuts data.
2026.07.09 14:15:28,357	INFO	1	org.l2jmobius.gameserver.data.xml.InitialShortcutData	InitialShortcutData: Loaded 4 initial shortcuts data.
2026.07.09 14:15:28,357	INFO	1	org.l2jmobius.gameserver.data.xml.InitialShortcutData	InitialShortcutData: Loaded 0 macro presets.
2026.07.09 14:15:28,361	INFO	1	org.l2jmobius.gameserver.data.xml.ExperienceData	ExperienceData: Loaded 81 levels.
2026.07.09 14:15:28,361	INFO	1	org.l2jmobius.gameserver.data.xml.ExperienceData	ExperienceData: Max Player Level is 80.
2026.07.09 14:15:28,361	INFO	1	org.l2jmobius.gameserver.data.xml.ExperienceData	ExperienceData: Max Pet Level is 81.
2026.07.09 14:15:28,362	INFO	1	org.l2jmobius.gameserver.data.xml.KarmaData	KarmaData: Loaded 80 karma modifiers.
2026.07.09 14:15:28,363	INFO	1	org.l2jmobius.gameserver.data.xml.HitConditionBonusData	HitConditionBonusData: Loaded hit condition bonuses.
2026.07.09 14:15:28,437	INFO	1	org.l2jmobius.gameserver.data.xml.PlayerTemplateData	PlayerTemplateData: Loaded 89 character templates.
2026.07.09 14:15:28,437	INFO	1	org.l2jmobius.gameserver.data.xml.PlayerTemplateData	PlayerTemplateData: Loaded 42720 level up gain records.
2026.07.09 14:15:28,440	INFO	1	org.l2jmobius.gameserver.data.sql.CharInfoTable	CharInfoTable: Loaded 0 char names.
2026.07.09 14:15:28,441	INFO	1	org.l2jmobius.gameserver.data.xml.AdminData	AdminData: Loaded 10 access levels.
2026.07.09 14:15:28,442	INFO	1	org.l2jmobius.gameserver.data.xml.AdminData	AdminData: Loaded 458 access commands.
2026.07.09 14:15:28,558	INFO	1	org.l2jmobius.gameserver.data.xml.PetDataTable	PetDataTable: Loaded 56 pets.
2026.07.09 14:15:28,568	INFO	1	org.l2jmobius.gameserver.data.xml.CubicData	CubicData: Loaded 21 cubics.
2026.07.09 14:15:28,576	INFO	1	org.l2jmobius.gameserver.GameServer	PremiumManager: Premium system is enabled.
2026.07.09 14:15:28,576	INFO	1	org.l2jmobius.gameserver.GameServer	---------------------------------------------------=[ Clans ]
2026.07.09 14:15:28,592	INFO	1	org.l2jmobius.gameserver.communitybbs.Manager.ForumsBBSManager	ForumsBBSManager: Loaded 4 forums. Last forum id used: 4
2026.07.09 14:15:28,593	INFO	1	org.l2jmobius.gameserver.data.sql.ClanTable	ClanTable: Restored 0 clans from the database.
2026.07.09 14:15:28,597	INFO	1	org.l2jmobius.gameserver.data.xml.ResidenceFunctionsData	ResidenceFunctionsData: Loaded 8 functions.
2026.07.09 14:15:28,712	INFO	1	org.l2jmobius.gameserver.data.xml.ClanHallData	ClanHallData: Succesfully loaded 48 clan halls.
2026.07.09 14:15:28,713	INFO	1	org.l2jmobius.gameserver.instancemanager.ClanHallAuctionManager	ClanHallAuctionManager: Clan Hall Auction has started!
2026.07.09 14:15:28,751	INFO	1	org.l2jmobius.gameserver.instancemanager.ClanEntryManager	ClanEntryManager: Loaded 0 clan entries.
2026.07.09 14:15:28,752	INFO	1	org.l2jmobius.gameserver.instancemanager.ClanEntryManager	ClanEntryManager: Loaded 0 players in waiting list.
2026.07.09 14:15:28,753	INFO	1	org.l2jmobius.gameserver.instancemanager.ClanEntryManager	ClanEntryManager: Loaded 0 player applications.
2026.07.09 14:15:28,753	INFO	1	org.l2jmobius.gameserver.GameServer	-------------------------------------------------=[ Geodata ]
2026.07.09 14:15:29,419	INFO	1	org.l2jmobius.gameserver.geoengine.GeoEngine	GeoEngine: Loaded 227 regions.
2026.07.09 14:15:29,420	INFO	1	org.l2jmobius.gameserver.GameServer	----------------------------------------------------=[ NPCs ]
2026.07.09 14:15:30,261	INFO	1	org.l2jmobius.gameserver.data.xml.NpcData	NpcData: Loaded 14865 NPCs.
2026.07.09 14:15:30,265	INFO	1	org.l2jmobius.gameserver.data.xml.NpcData	NpcData: Loaded 14 custom NPCs.
2026.07.09 14:15:30,265	INFO	1	org.l2jmobius.gameserver.data.xml.FakePlayerData	FakePlayerData: Disabled.
2026.07.09 14:15:30,266	INFO	1	org.l2jmobius.gameserver.instancemanager.FakePlayerChatManager	FakePlayerChatManager: Disabled.
2026.07.09 14:15:30,377	INFO	1	org.l2jmobius.gameserver.data.xml.SpawnData	SpawnData: Loaded 27153 spawns
2026.07.09 14:15:32,544	INFO	1	org.l2jmobius.gameserver.instancemanager.WalkingManager	WalkingManager: Loaded 13 walking routes.
2026.07.09 14:15:32,548	INFO	1	org.l2jmobius.gameserver.data.xml.StaticObjectData	StaticObjectData: Loaded 86 static object templates.
2026.07.09 14:15:32,551	INFO	1	org.l2jmobius.gameserver.instancemanager.ItemAuctionManager	ItemAuctionManager: Loaded 0 instances.
2026.07.09 14:15:32,562	INFO	1	org.l2jmobius.gameserver.instancemanager.CastleManager	CastleManager: Loaded 9 castles.
2026.07.09 14:15:32,566	INFO	1	org.l2jmobius.gameserver.data.SchemeBufferTable	SchemeBufferTable: Loaded 0 players schemes and 74 available buffs.
2026.07.09 14:15:32,568	INFO	1	org.l2jmobius.gameserver.instancemanager.GrandBossManager	GrandBossManager: Gigantic Chaos Golem(25512) status is 0
2026.07.09 14:15:32,568	INFO	1	org.l2jmobius.gameserver.instancemanager.GrandBossManager	GrandBossManager: Queen Ant(29001) status is 0
2026.07.09 14:15:32,568	INFO	1	org.l2jmobius.gameserver.instancemanager.GrandBossManager	GrandBossManager: Core(29006) status is 0
2026.07.09 14:15:32,568	INFO	1	org.l2jmobius.gameserver.instancemanager.GrandBossManager	GrandBossManager: Orfen(29014) status is 0
2026.07.09 14:15:32,568	INFO	1	org.l2jmobius.gameserver.instancemanager.GrandBossManager	GrandBossManager: Baium(29020) status is 0
2026.07.09 14:15:32,568	INFO	1	org.l2jmobius.gameserver.instancemanager.GrandBossManager	GrandBossManager: Zaken(29022) status is 0
2026.07.09 14:15:32,568	INFO	1	org.l2jmobius.gameserver.instancemanager.GrandBossManager	GrandBossManager: Valakas(29028) status is 0
2026.07.09 14:15:32,568	INFO	1	org.l2jmobius.gameserver.instancemanager.GrandBossManager	GrandBossManager: Antharas(29068) status is 0
2026.07.09 14:15:32,568	INFO	1	org.l2jmobius.gameserver.instancemanager.GrandBossManager	GrandBossManager: Loaded 8 instances.
2026.07.09 14:15:32,569	INFO	1	org.l2jmobius.gameserver.GameServer	------------------------------------------------=[ Instance ]
2026.07.09 14:15:32,570	INFO	1	org.l2jmobius.gameserver.instancemanager.InstanceManager	InstanceManager: Loaded 267 instance names.
2026.07.09 14:15:32,577	INFO	1	org.l2jmobius.gameserver.instancemanager.InstanceManager	InstanceManager: Loaded 6 instance templates.
2026.07.09 14:15:32,578	INFO	1	org.l2jmobius.gameserver.instancemanager.InstanceManager	InstanceManager: Loaded instance reenter times for 0 players.
2026.07.09 14:15:32,578	INFO	1	org.l2jmobius.gameserver.GameServer	------------------------------------------------=[ Olympiad ]
2026.07.09 14:15:32,581	INFO	1	org.l2jmobius.gameserver.model.olympiad.Olympiad	Olympiad System: Loading....
2026.07.09 14:15:32,581	INFO	1	org.l2jmobius.gameserver.model.olympiad.Olympiad	Olympiad System: Currently in Olympiad Period
2026.07.09 14:15:32,582	INFO	1	org.l2jmobius.gameserver.model.olympiad.Olympiad	Olympiad System: 12 days, 21 hours and 44 mins until period ends.
2026.07.09 14:15:32,582	INFO	1	org.l2jmobius.gameserver.model.olympiad.Olympiad	Olympiad System: Next weekly change is in 6 days, 23 hours and 9 mins.
2026.07.09 14:15:32,582	INFO	1	org.l2jmobius.gameserver.model.olympiad.Olympiad	Olympiad System: Loaded 0 Nobles
2026.07.09 14:15:32,583	INFO	1	org.l2jmobius.gameserver.model.olympiad.Olympiad	Olympiad System: Competition Period Starts in 2 days, 3 hours and 44 mins.
2026.07.09 14:15:32,583	INFO	1	org.l2jmobius.gameserver.model.olympiad.Olympiad	Olympiad System: Event starts/started: Sat Jul 11 18:00:32 CEST 2026
2026.07.09 14:15:32,584	INFO	1	org.l2jmobius.gameserver.model.olympiad.Hero	Hero System: Loaded 0 Heroes.
2026.07.09 14:15:32,584	INFO	1	org.l2jmobius.gameserver.model.olympiad.Hero	Hero System: Loaded 0 all time Heroes.
2026.07.09 14:15:32,584	INFO	1	org.l2jmobius.gameserver.GameServer	---------------------------------------------------=[ Cache ]
2026.07.09 14:15:32,585	INFO	1	org.l2jmobius.gameserver.cache.HtmCache	Cache[HTML]: Running lazy cache.
2026.07.09 14:15:32,586	INFO	1	org.l2jmobius.gameserver.data.sql.CrestTable	CrestTable: Loaded 0 Crests.
2026.07.09 14:15:32,624	INFO	1	org.l2jmobius.gameserver.data.xml.TeleporterData	TeleporterData: Loaded 145 npc teleporters.
2026.07.09 14:15:32,628	INFO	1	org.l2jmobius.gameserver.instancemanager.CursedWeaponsManager	CursedWeaponsManager: Loaded 2 cursed weapons.
2026.07.09 14:15:32,748	INFO	1	org.l2jmobius.gameserver.data.xml.TransformData	TransformData: Loaded 174 transform templates.
2026.07.09 14:15:32,750	INFO	1	org.l2jmobius.gameserver.data.BotReportTable	BotReportTable: Loaded 0 bot reports
2026.07.09 14:15:32,752	INFO	1	org.l2jmobius.gameserver.instancemanager.SellBuffsManager	SellBuffsManager: Loaded 149 allowed buffs.
2026.07.09 14:15:32,752	INFO	1	org.l2jmobius.gameserver.GameServer	-------------------------------------------------=[ Scripts ]
2026.07.09 14:15:32,754	INFO	1	org.l2jmobius.gameserver.instancemanager.AirShipManager	AirShipManager: Loaded 0 private airships
2026.07.09 14:15:32,757	INFO	1	org.l2jmobius.gameserver.data.xml.ShuttleData	ShuttleData: Loaded 1 shuttles.
2026.07.09 14:15:32,757	INFO	1	org.l2jmobius.gameserver.GameServer	GameServer: Loading server scripts:
2026.07.09 14:15:32,868	INFO	1	handlers.MasterHandler	Loading Handlers...
2026.07.09 14:15:32,905	INFO	1	handlers.MasterHandler	ActionHandler: Loaded 10 handlers.
2026.07.09 14:15:32,905	INFO	1	handlers.MasterHandler	ActionShiftHandler: Loaded 6 handlers.
2026.07.09 14:15:32,905	INFO	1	handlers.MasterHandler	AdminCommandHandler: Loaded 450 handlers.
2026.07.09 14:15:32,905	INFO	1	handlers.MasterHandler	BypassHandler: Loaded 31 handlers.
2026.07.09 14:15:32,906	INFO	1	handlers.MasterHandler	ChatHandler: Loaded 14 handlers.
2026.07.09 14:15:32,906	INFO	1	handlers.MasterHandler	CommunityBoardHandler: Loaded 28 handlers.
2026.07.09 14:15:32,906	INFO	1	handlers.MasterHandler	ItemHandler: Loaded 30 handlers.
2026.07.09 14:15:32,906	INFO	1	handlers.MasterHandler	PunishmentHandler: Loaded 3 handlers.
2026.07.09 14:15:32,906	INFO	1	handlers.MasterHandler	UserCommandHandler: Loaded 16 handlers.
2026.07.09 14:15:32,906	INFO	1	handlers.MasterHandler	VoicedCommandHandler: Loaded 20 handlers.
2026.07.09 14:15:32,906	INFO	1	handlers.MasterHandler	TargetHandler: Loaded 21 handlers.
2026.07.09 14:15:32,906	INFO	1	handlers.MasterHandler	AffectObjectHandler: Loaded 11 handlers.
2026.07.09 14:15:32,906	INFO	1	handlers.MasterHandler	AffectScopeHandler: Loaded 19 handlers.
2026.07.09 14:15:32,906	INFO	1	handlers.MasterHandler	PlayerActionHandler: Loaded 24 handlers.
2026.07.09 14:15:32,906	INFO	1	handlers.MasterHandler	Handlers Loaded...
2026.07.09 14:15:34,284	INFO	1	org.l2jmobius.gameserver.model.quest.Quest	[EnhanceYourWeapon] Loaded 54 Soul Crystal data.
2026.07.09 14:15:34,284	INFO	1	org.l2jmobius.gameserver.model.quest.Quest	[EnhanceYourWeapon] Loaded 124 npc Leveling info data.
2026.07.09 14:15:34,316	INFO	1	ai.areas.ImperialTomb.FourSepulchers.FourSepulchers	[Four Sepulchers] Loaded 762 spawn zones data.
2026.07.09 14:15:34,332	INFO	1	ai.others.ClassMaster.ClassMaster	ClassMaster: Loaded 3 class change options.
2026.07.09 14:15:34,386	INFO	1	org.l2jmobius.gameserver.instancemanager.GrandBossManager	GrandBossManager: Updated Zaken(29022) status to 0.
2026.07.09 14:15:34,397	INFO	1	org.l2jmobius.gameserver.model.quest.Quest	Event Watermelon Ninja has passed... Ignored 
2026.07.09 14:15:34,399	INFO	1	org.l2jmobius.gameserver.model.quest.Quest	Event Merry Squashmas Event has passed... Ignored 
2026.07.09 14:15:34,401	INFO	1	org.l2jmobius.gameserver.model.quest.Quest	Event Squash Event has passed... Ignored 
2026.07.09 14:15:34,403	INFO	1	org.l2jmobius.gameserver.model.quest.Quest	Event Rudolphs Blessing has passed... Ignored 
2026.07.09 14:15:34,407	INFO	1	org.l2jmobius.gameserver.model.quest.Quest	Event Happy Hours has passed... Ignored 
2026.07.09 14:15:34,409	INFO	1	org.l2jmobius.gameserver.model.quest.Quest	Event Eve the Fortune Teller has passed... Ignored 
2026.07.09 14:15:34,410	INFO	1	org.l2jmobius.gameserver.model.quest.Quest	Event The Power Of Love has passed... Ignored 
2026.07.09 14:15:34,418	INFO	1	org.l2jmobius.gameserver.data.xml.SpawnData	SpawnData: Initializing spawns...
2026.07.09 14:15:34,425	INFO	1	org.l2jmobius.gameserver.instancemanager.DBSpawnManager	DBSpawnManager: Loaded 0 instances.
2026.07.09 14:15:34,425	INFO	1	org.l2jmobius.gameserver.instancemanager.DBSpawnManager	DBSpawnManager: Scheduled 0 instances.
2026.07.09 14:15:35,725	INFO	1	org.l2jmobius.gameserver.data.xml.SpawnData	SpawnData: All spawns has been initialized!
2026.07.09 14:15:35,726	INFO	1	org.l2jmobius.gameserver.GameServer	---------------------------------------------------=[ Siege ]
2026.07.09 14:15:35,729	INFO	1	org.l2jmobius.gameserver.data.xml.SiegeScheduleData	SiegeScheduleData: Loaded 9 siege schedulers.
2026.07.09 14:15:35,731	INFO	1	org.l2jmobius.gameserver.model.siege.Siege	Siege of Gludio: Sun Jul 19 16:00:00 CEST 2026
2026.07.09 14:15:35,733	INFO	1	org.l2jmobius.gameserver.model.siege.Siege	Siege of Dion: Sun Jul 19 20:00:00 CEST 2026
2026.07.09 14:15:35,734	INFO	1	org.l2jmobius.gameserver.model.siege.Siege	Siege of Giran: Sun Jul 19 16:00:00 CEST 2026
2026.07.09 14:15:35,736	INFO	1	org.l2jmobius.gameserver.model.siege.Siege	Siege of Oren: Sun Jul 19 20:00:00 CEST 2026
2026.07.09 14:15:35,738	INFO	1	org.l2jmobius.gameserver.model.siege.Siege	Siege of Aden: Sun Jul 19 16:00:00 CEST 2026
2026.07.09 14:15:35,739	INFO	1	org.l2jmobius.gameserver.model.siege.Siege	Siege of Innadril: Sun Jul 19 20:00:00 CEST 2026
2026.07.09 14:15:35,741	INFO	1	org.l2jmobius.gameserver.model.siege.Siege	Siege of Goddard: Sun Jul 19 16:00:00 CEST 2026
2026.07.09 14:15:35,743	INFO	1	org.l2jmobius.gameserver.model.siege.Siege	Siege of Rune: Sun Jul 19 20:00:00 CEST 2026
2026.07.09 14:15:35,744	INFO	1	org.l2jmobius.gameserver.model.siege.Siege	Siege of Schuttgart: Sun Jul 19 16:00:00 CEST 2026
2026.07.09 14:15:35,747	INFO	1	org.l2jmobius.gameserver.instancemanager.CastleManorManager	CastleManorManager: Manor system is deactivated.
2026.07.09 14:15:35,748	INFO	1	org.l2jmobius.gameserver.instancemanager.SiegeGuardManager	SiegeGuardManager: Loaded 0 siege guards tickets.
2026.07.09 14:15:35,749	INFO	1	org.l2jmobius.gameserver.instancemanager.QuestManager	QuestManager: Loaded 216 quests.
2026.07.09 14:15:35,749	INFO	1	org.l2jmobius.gameserver.instancemanager.QuestManager	QuestManager: Loaded 115 scripts.
2026.07.09 14:15:35,754	INFO	1	org.l2jmobius.gameserver.taskmanager.TaskManager	TaskManager: Loaded 5 Tasks.
2026.07.09 14:15:35,754	INFO	1	org.l2jmobius.gameserver.instancemanager.DailyTaskManager	DailyTaskManager: Next schedule at 10/07 06:30.
2026.07.09 14:15:35,756	INFO	1	org.l2jmobius.gameserver.instancemanager.MailManager	MailManager: Loaded 0 messages.
2026.07.09 14:15:35,756	INFO	1	org.l2jmobius.gameserver.instancemanager.CustomMailManager	CustomMailManager: Enabled.
2026.07.09 14:15:35,757	INFO	1	org.l2jmobius.gameserver.instancemanager.PunishmentManager	PunishmentManager: Loaded 0 active and 0 expired punishments.
2026.07.09 14:15:35,758	INFO	1	org.l2jmobius.gameserver.GameServer	IdManager: Free ObjectID's remaining: 1879008396
2026.07.09 14:15:35,758	INFO	1	org.l2jmobius.gameserver.data.sql.OfflineTraderTable	OfflineTraderTable: Loading offline traders...
2026.07.09 14:15:35,759	INFO	1	org.l2jmobius.gameserver.data.sql.OfflineTraderTable	OfflineTraderTable: Loaded 0 offline traders.
2026.07.09 14:15:35,898	INFO	1	org.l2jmobius.gameserver.GameServer	GameServer: Started, using 2485 of 16384 MB total memory.
2026.07.09 14:15:35,898	INFO	1	org.l2jmobius.gameserver.GameServer	GameServer: Maximum number of connected players is 2000.
2026.07.09 14:15:35,898	INFO	1	org.l2jmobius.gameserver.GameServer	GameServer: Server loaded in 11 seconds.
2026.07.09 14:15:35,908	INFO	190	org.l2jmobius.gameserver.LoginServerThread	LoginServerThread: Connecting to login on 127.0.0.1:9014
2026.07.09 14:15:35,917	INFO	190	org.l2jmobius.gameserver.LoginServerThread	LoginServerThread: Registered on login as Server 1: Bartz
2026.07.09 14:45:35,790	INFO	63	org.l2jmobius.gameserver.instancemanager.GlobalVariablesManager	GlobalVariablesManager: Stored 3 variables.
